###############################################################################
#                                                                             #
# IAR ELF Linker V6.50.1.4415/W32 for ARM               24/Sep/2015  15:13:58 #
# Copyright 2007-2012 IAR Systems AB.                                         #
#                                                                             #
#    Output file  =  C:\Users\lisonchen\1project\c_STM32_USB-FS-Device_Lib_V4 #
#                    .0.0\Projects\Audio_Speaker\EWARM\STM3210E-EVAL\Exe\Audi #
#                    oSpeaker.out                                             #
#    Map file     =  C:\Users\lisonchen\1project\c_STM32_USB-FS-Device_Lib_V4 #
#                    .0.0\Projects\Audio_Speaker\EWARM\STM3210E-EVAL\List\Aud #
#                    ioSpeaker.map                                            #
#    Command line =  C:\Users\lisonchen\1project\c_STM32_USB-FS-Device_Lib_V4 #
#                    .0.0\Projects\Audio_Speaker\EWARM\STM3210E-EVAL\Obj\hw_c #
#                    onfig.o C:\Users\lisonchen\1project\c_STM32_USB-FS-Devic #
#                    e_Lib_V4.0.0\Projects\Audio_Speaker\EWARM\STM3210E-EVAL\ #
#                    Obj\i2s_codec.o C:\Users\lisonchen\1project\c_STM32_USB- #
#                    FS-Device_Lib_V4.0.0\Projects\Audio_Speaker\EWARM\STM321 #
#                    0E-EVAL\Obj\main.o C:\Users\lisonchen\1project\c_STM32_U #
#                    SB-FS-Device_Lib_V4.0.0\Projects\Audio_Speaker\EWARM\STM #
#                    3210E-EVAL\Obj\misc.o C:\Users\lisonchen\1project\c_STM3 #
#                    2_USB-FS-Device_Lib_V4.0.0\Projects\Audio_Speaker\EWARM\ #
#                    STM3210E-EVAL\Obj\startup_stm32f10x_hd.o                 #
#                    C:\Users\lisonchen\1project\c_STM32_USB-FS-Device_Lib_V4 #
#                    .0.0\Projects\Audio_Speaker\EWARM\STM3210E-EVAL\Obj\stm3 #
#                    210e_eval.o C:\Users\lisonchen\1project\c_STM32_USB-FS-D #
#                    evice_Lib_V4.0.0\Projects\Audio_Speaker\EWARM\STM3210E-E #
#                    VAL\Obj\stm32_it.o C:\Users\lisonchen\1project\c_STM32_U #
#                    SB-FS-Device_Lib_V4.0.0\Projects\Audio_Speaker\EWARM\STM #
#                    3210E-EVAL\Obj\stm32f10x_dac.o                           #
#                    C:\Users\lisonchen\1project\c_STM32_USB-FS-Device_Lib_V4 #
#                    .0.0\Projects\Audio_Speaker\EWARM\STM3210E-EVAL\Obj\stm3 #
#                    2f10x_exti.o C:\Users\lisonchen\1project\c_STM32_USB-FS- #
#                    Device_Lib_V4.0.0\Projects\Audio_Speaker\EWARM\STM3210E- #
#                    EVAL\Obj\stm32f10x_flash.o C:\Users\lisonchen\1project\c #
#                    _STM32_USB-FS-Device_Lib_V4.0.0\Projects\Audio_Speaker\E #
#                    WARM\STM3210E-EVAL\Obj\stm32f10x_gpio.o                  #
#                    C:\Users\lisonchen\1project\c_STM32_USB-FS-Device_Lib_V4 #
#                    .0.0\Projects\Audio_Speaker\EWARM\STM3210E-EVAL\Obj\stm3 #
#                    2f10x_i2c.o C:\Users\lisonchen\1project\c_STM32_USB-FS-D #
#                    evice_Lib_V4.0.0\Projects\Audio_Speaker\EWARM\STM3210E-E #
#                    VAL\Obj\stm32f10x_pwr.o C:\Users\lisonchen\1project\c_ST #
#                    M32_USB-FS-Device_Lib_V4.0.0\Projects\Audio_Speaker\EWAR #
#                    M\STM3210E-EVAL\Obj\stm32f10x_rcc.o                      #
#                    C:\Users\lisonchen\1project\c_STM32_USB-FS-Device_Lib_V4 #
#                    .0.0\Projects\Audio_Speaker\EWARM\STM3210E-EVAL\Obj\stm3 #
#                    2f10x_spi.o C:\Users\lisonchen\1project\c_STM32_USB-FS-D #
#                    evice_Lib_V4.0.0\Projects\Audio_Speaker\EWARM\STM3210E-E #
#                    VAL\Obj\stm32f10x_tim.o C:\Users\lisonchen\1project\c_ST #
#                    M32_USB-FS-Device_Lib_V4.0.0\Projects\Audio_Speaker\EWAR #
#                    M\STM3210E-EVAL\Obj\stm32f10x_usart.o                    #
#                    C:\Users\lisonchen\1project\c_STM32_USB-FS-Device_Lib_V4 #
#                    .0.0\Projects\Audio_Speaker\EWARM\STM3210E-EVAL\Obj\syst #
#                    em_stm32f10x.o C:\Users\lisonchen\1project\c_STM32_USB-F #
#                    S-Device_Lib_V4.0.0\Projects\Audio_Speaker\EWARM\STM3210 #
#                    E-EVAL\Obj\usb_core.o C:\Users\lisonchen\1project\c_STM3 #
#                    2_USB-FS-Device_Lib_V4.0.0\Projects\Audio_Speaker\EWARM\ #
#                    STM3210E-EVAL\Obj\usb_desc.o                             #
#                    C:\Users\lisonchen\1project\c_STM32_USB-FS-Device_Lib_V4 #
#                    .0.0\Projects\Audio_Speaker\EWARM\STM3210E-EVAL\Obj\usb_ #
#                    endp.o C:\Users\lisonchen\1project\c_STM32_USB-FS-Device #
#                    _Lib_V4.0.0\Projects\Audio_Speaker\EWARM\STM3210E-EVAL\O #
#                    bj\usb_init.o C:\Users\lisonchen\1project\c_STM32_USB-FS #
#                    -Device_Lib_V4.0.0\Projects\Audio_Speaker\EWARM\STM3210E #
#                    -EVAL\Obj\usb_int.o C:\Users\lisonchen\1project\c_STM32_ #
#                    USB-FS-Device_Lib_V4.0.0\Projects\Audio_Speaker\EWARM\ST #
#                    M3210E-EVAL\Obj\usb_istr.o C:\Users\lisonchen\1project\c #
#                    _STM32_USB-FS-Device_Lib_V4.0.0\Projects\Audio_Speaker\E #
#                    WARM\STM3210E-EVAL\Obj\usb_mem.o                         #
#                    C:\Users\lisonchen\1project\c_STM32_USB-FS-Device_Lib_V4 #
#                    .0.0\Projects\Audio_Speaker\EWARM\STM3210E-EVAL\Obj\usb_ #
#                    prop.o C:\Users\lisonchen\1project\c_STM32_USB-FS-Device #
#                    _Lib_V4.0.0\Projects\Audio_Speaker\EWARM\STM3210E-EVAL\O #
#                    bj\usb_pwr.o C:\Users\lisonchen\1project\c_STM32_USB-FS- #
#                    Device_Lib_V4.0.0\Projects\Audio_Speaker\EWARM\STM3210E- #
#                    EVAL\Obj\usb_regs.o C:\Users\lisonchen\1project\c_STM32_ #
#                    USB-FS-Device_Lib_V4.0.0\Projects\Audio_Speaker\EWARM\ST #
#                    M3210E-EVAL\Obj\usb_sil.o --redirect                     #
#                    _Printf=_PrintfFull --redirect _Scanf=_ScanfFull -o      #
#                    C:\Users\lisonchen\1project\c_STM32_USB-FS-Device_Lib_V4 #
#                    .0.0\Projects\Audio_Speaker\EWARM\STM3210E-EVAL\Exe\Audi #
#                    oSpeaker.out --map C:\Users\lisonchen\1project\c_STM32_U #
#                    SB-FS-Device_Lib_V4.0.0\Projects\Audio_Speaker\EWARM\STM #
#                    3210E-EVAL\List\AudioSpeaker.map --config                #
#                    C:\Users\lisonchen\1project\c_STM32_USB-FS-Device_Lib_V4 #
#                    .0.0\Projects\Audio_Speaker\EWARM\stm32f10x_flash.icf    #
#                    --semihosting --entry __iar_program_start --vfe          #
#                                                                             #
#                                                                             #
###############################################################################

*******************************************************************************
*** RUNTIME MODEL ATTRIBUTES
***

CppFlavor       = *
__SystemLibrary = DLib


*******************************************************************************
*** PLACEMENT SUMMARY
***

"A1":  place at 0x08000000 { ro section .intvec };
"P1":  place in [from 0x08000000 to 0x080fffff] { ro };
"P2":  place in [from 0x20000000 to 0x20017fff] { rw, block CSTACK, block HEAP };

  Section            Kind        Address    Size  Object
  -------            ----        -------    ----  ------
"A1":                                      0x130
  .intvec            ro code  0x08000000   0x130  startup_stm32f10x_hd.o [1]
                            - 0x08000130   0x130

"P1":                                     0x21ec
  .text              ro code  0x08000130   0x7d2  usb_core.o [1]
  .text              ro code  0x08000902    0x2e  copy_init3.o [4]
  .text              ro code  0x08000930   0x2e2  usb_regs.o [1]
  .text              ro code  0x08000c12    0x48  usb_mem.o [1]
  .text              ro code  0x08000c5a    0x22  zero_init3.o [4]
  .text              ro code  0x08000c7c   0x428  i2s_codec.o [1]
  .text              ro code  0x080010a4    0xc2  stm32f10x_gpio.o [1]
  .text              ro code  0x08001168    0xe8  stm32f10x_rcc.o [1]
  .text              ro code  0x08001250   0x146  stm32f10x_spi.o [1]
  .text              ro code  0x08001398   0x13c  stm32f10x_i2c.o [1]
  .text              ro code  0x080014d4   0x1b4  usb_int.o [1]
  .text              ro code  0x08001688   0x188  usb_prop.o [1]
  .text              ro code  0x08001810   0x184  hw_config.o [1]
  .text              ro code  0x08001994   0x184  usb_pwr.o [1]
  .text              ro code  0x08001b18    0x1c  usb_sil.o [1]
  .text              ro code  0x08001b34    0x74  stm32f10x_exti.o [1]
  .text              ro code  0x08001ba8    0xec  system_stm32f10x.o [1]
  .text              ro code  0x08001c94    0x78  misc.o [1]
  .text              ro code  0x08001d0c   0x14c  usb_istr.o [1]
  .rodata            const    0x08001e58    0xcc  usb_desc.o [1]
  .text              ro code  0x08001f24    0x88  stm32_it.o [1]
  .text              ro code  0x08001fac    0x44  usb_endp.o [1]
  .text              ro code  0x08001ff0    0x28  data_init.o [4]
  .iar.init_table    const    0x08002018    0x24  - Linker created -
  .text              ro code  0x0800203c    0x20  usb_init.o [1]
  .text              ro code  0x0800205c    0x18  main.o [1]
  .text              ro code  0x08002074    0x16  cmain.o [4]
  .text              ro code  0x0800208a     0x4  low_level_init.o [3]
  .text              ro code  0x0800208e     0x4  exit.o [3]
  .text              ro code  0x08002094     0xa  cexit.o [4]
  .text              ro code  0x080020a0    0x14  exit.o [5]
  .text              ro code  0x080020b4    0x10  startup_stm32f10x_hd.o [1]
  .text              ro code  0x080020c4     0xc  cstartup_M.o [4]
  .text              ro code  0x080020d0     0x4  startup_stm32f10x_hd.o [1]
  .text              ro code  0x080020d4     0x4  startup_stm32f10x_hd.o [1]
  .text              ro code  0x080020d8     0x4  startup_stm32f10x_hd.o [1]
  .text              ro code  0x080020dc     0x4  startup_stm32f10x_hd.o [1]
  .text              ro code  0x080020e0     0x4  startup_stm32f10x_hd.o [1]
  .text              ro code  0x080020e4     0x4  startup_stm32f10x_hd.o [1]
  .text              ro code  0x080020e8     0x4  startup_stm32f10x_hd.o [1]
  .text              ro code  0x080020ec     0x4  startup_stm32f10x_hd.o [1]
  .text              ro code  0x080020f0     0x4  startup_stm32f10x_hd.o [1]
  .text              ro code  0x080020f4     0x4  startup_stm32f10x_hd.o [1]
  .text              ro code  0x080020f8     0x4  startup_stm32f10x_hd.o [1]
  .text              ro code  0x080020fc     0x4  startup_stm32f10x_hd.o [1]
  .text              ro code  0x08002100     0x4  startup_stm32f10x_hd.o [1]
  .text              ro code  0x08002104     0x4  startup_stm32f10x_hd.o [1]
  .text              ro code  0x08002108     0x4  startup_stm32f10x_hd.o [1]
  .text              ro code  0x0800210c     0x4  startup_stm32f10x_hd.o [1]
  .text              ro code  0x08002110     0x4  startup_stm32f10x_hd.o [1]
  .text              ro code  0x08002114     0x4  startup_stm32f10x_hd.o [1]
  .text              ro code  0x08002118     0x4  startup_stm32f10x_hd.o [1]
  .text              ro code  0x0800211c     0x4  startup_stm32f10x_hd.o [1]
  .text              ro code  0x08002120     0x4  startup_stm32f10x_hd.o [1]
  .text              ro code  0x08002124     0x4  startup_stm32f10x_hd.o [1]
  .text              ro code  0x08002128     0x4  startup_stm32f10x_hd.o [1]
  .text              ro code  0x0800212c     0x4  startup_stm32f10x_hd.o [1]
  .text              ro code  0x08002130     0x4  startup_stm32f10x_hd.o [1]
  .text              ro code  0x08002134     0x4  startup_stm32f10x_hd.o [1]
  .text              ro code  0x08002138     0x4  startup_stm32f10x_hd.o [1]
  .text              ro code  0x0800213c     0x4  startup_stm32f10x_hd.o [1]
  .text              ro code  0x08002140     0x4  startup_stm32f10x_hd.o [1]
  .text              ro code  0x08002144     0x4  startup_stm32f10x_hd.o [1]
  .text              ro code  0x08002148     0x4  startup_stm32f10x_hd.o [1]
  .text              ro code  0x0800214c     0x4  startup_stm32f10x_hd.o [1]
  .text              ro code  0x08002150     0x4  startup_stm32f10x_hd.o [1]
  .text              ro code  0x08002154     0x4  startup_stm32f10x_hd.o [1]
  .text              ro code  0x08002158     0x4  startup_stm32f10x_hd.o [1]
  .text              ro code  0x0800215c     0x4  startup_stm32f10x_hd.o [1]
  .text              ro code  0x08002160     0x4  startup_stm32f10x_hd.o [1]
  .text              ro code  0x08002164     0x4  startup_stm32f10x_hd.o [1]
  .text              ro code  0x08002168     0x4  startup_stm32f10x_hd.o [1]
  .text              ro code  0x0800216c     0x4  startup_stm32f10x_hd.o [1]
  .text              ro code  0x08002170     0x4  startup_stm32f10x_hd.o [1]
  .text              ro code  0x08002174     0x4  startup_stm32f10x_hd.o [1]
  .text              ro code  0x08002178     0x4  startup_stm32f10x_hd.o [1]
  .text              ro code  0x0800217c     0x4  startup_stm32f10x_hd.o [1]
  .text              ro code  0x08002180     0x4  startup_stm32f10x_hd.o [1]
  .text              ro code  0x08002184     0x4  startup_stm32f10x_hd.o [1]
  .text              ro code  0x08002188     0x4  startup_stm32f10x_hd.o [1]
  .text              ro code  0x0800218c     0x4  startup_stm32f10x_hd.o [1]
  .text              ro code  0x08002190     0x4  startup_stm32f10x_hd.o [1]
  .text              ro code  0x08002194     0x4  startup_stm32f10x_hd.o [1]
  .text              ro code  0x08002198     0x4  startup_stm32f10x_hd.o [1]
  .text              ro code  0x0800219c     0x4  startup_stm32f10x_hd.o [1]
  .text              ro code  0x080021a0     0x4  startup_stm32f10x_hd.o [1]
  .text              ro code  0x080021a4     0x4  startup_stm32f10x_hd.o [1]
  .text              ro code  0x080021a8     0x4  startup_stm32f10x_hd.o [1]
  .text              ro code  0x080021ac     0x4  startup_stm32f10x_hd.o [1]
  .text              ro code  0x080021b0     0x4  startup_stm32f10x_hd.o [1]
  .text              ro code  0x080021b4     0x4  startup_stm32f10x_hd.o [1]
  .text              ro code  0x080021b8     0x4  startup_stm32f10x_hd.o [1]
  .text              ro code  0x080021bc     0x4  startup_stm32f10x_hd.o [1]
  .text              ro code  0x080021c0     0x4  startup_stm32f10x_hd.o [1]
  .text              ro code  0x080021c4     0x4  startup_stm32f10x_hd.o [1]
  .text              ro code  0x080021c8     0x4  startup_stm32f10x_hd.o [1]
  .text              ro code  0x080021cc     0x4  startup_stm32f10x_hd.o [1]
  .text              ro code  0x080021d0     0x4  startup_stm32f10x_hd.o [1]
  .text              ro code  0x080021d4     0x4  startup_stm32f10x_hd.o [1]
  .text              ro code  0x080021d8     0x4  startup_stm32f10x_hd.o [1]
  .text              ro code  0x080021dc     0x4  startup_stm32f10x_hd.o [1]
  .text              ro code  0x080021e0     0x4  startup_stm32f10x_hd.o [1]
  .rodata            const    0x080021e4     0x0  zero_init3.o [4]
  .rodata            const    0x080021e4     0x0  copy_init3.o [4]
  Initializer bytes  ro data  0x080021e4   0x138  <for P2 s0>
                            - 0x0800231c  0x21ec

"P2", part 1 of 3:                         0x138
  P2 s0                       0x20000000   0x138  <Init block>
    .data            inited   0x20000000    0x44  i2s_codec.o [1]
    .data            inited   0x20000044    0x30  usb_prop.o [1]
    .data            inited   0x20000074    0x24  usb_prop.o [1]
    .data            inited   0x20000098    0x20  usb_prop.o [1]
    .data            inited   0x200000b8    0x1c  usb_desc.o [1]
    .data            inited   0x200000d4    0x1c  usb_istr.o [1]
    .data            inited   0x200000f0    0x1c  usb_istr.o [1]
    .data            inited   0x2000010c    0x14  stm32f10x_rcc.o [1]
    .data            inited   0x20000120     0x8  usb_prop.o [1]
    .data            inited   0x20000128     0x8  usb_prop.o [1]
    .data            inited   0x20000130     0x4  usb_prop.o [1]
    .data            inited   0x20000134     0x1  usb_pwr.o [1]
                            - 0x20000138   0x138

"P2", part 2 of 3:                          0x98
  .bss               zero     0x20000138    0x28  usb_init.o [1]
  .bss               zero     0x20000160    0x20  usb_pwr.o [1]
  .bss               zero     0x20000180    0x1c  usb_endp.o [1]
  .bss               zero     0x2000019c     0xc  usb_istr.o [1]
  .bss               zero     0x200001a8     0x8  hw_config.o [1]
  .bss               zero     0x200001b0     0x8  usb_pwr.o [1]
  .bss               zero     0x200001b8     0x4  stm32_it.o [1]
  .bss               zero     0x200001bc     0x4  usb_core.o [1]
  .bss               zero     0x200001c0     0x4  usb_int.o [1]
  .bss               zero     0x200001c4     0x4  usb_prop.o [1]
  .bss               zero     0x200001c8     0x4  usb_pwr.o [1]
  .bss               zero     0x200001cc     0x2  usb_init.o [1]
  .bss               zero     0x200001ce     0x1  usb_core.o [1]
  .bss               zero     0x200001cf     0x1  usb_init.o [1]
                            - 0x200001d0    0x98

"P2", part 3 of 3:                         0x400
  CSTACK                      0x200001d0   0x400  <Block>
    CSTACK           uninit   0x200001d0   0x400  <Block tail>
                            - 0x200005d0   0x400


*******************************************************************************
*** INIT TABLE
***

          Address     Size
          -------     ----
Zero (__iar_zero_init3)
    1 destination range, total size 0x98:
          0x20000138   0x98

Copy (__iar_copy_init3)
    1 source range, total size 0x138 (100% of destination):
          0x080021e4  0x138
    1 destination range, total size 0x135:
          0x20000000  0x135



*******************************************************************************
*** MODULE SUMMARY
***

    Module                  ro code  ro data  rw data
    ------                  -------  -------  -------
C:\Users\lisonchen\1project\c_STM32_USB-FS-Device_Lib_V4.0.0\Projects\Audio_Speaker\EWARM\STM3210E-EVAL\Obj: [1]
    hw_config.o                 388                 8
    i2s_codec.o               1 064       68       68
    main.o                       24
    misc.o                      120
    startup_stm32f10x_hd.o      596
    stm32_it.o                  136                 4
    stm32f10x_exti.o            116
    stm32f10x_gpio.o            194
    stm32f10x_i2c.o             316
    stm32f10x_rcc.o             232       20       20
    stm32f10x_spi.o             326
    system_stm32f10x.o          236
    usb_core.o                2 002                 5
    usb_desc.o                           232       28
    usb_endp.o                   68                28
    usb_init.o                   32                43
    usb_int.o                   436                 4
    usb_istr.o                  332       56       68
    usb_mem.o                    72
    usb_prop.o                  392      136      140
    usb_pwr.o                   388        1       45
    usb_regs.o                  738
    usb_sil.o                    28
    -------------------------------------------------
    Total:                    8 236      513      461

command line: [2]
    -------------------------------------------------
    Total:

dl7M_tln.a: [3]
    exit.o                        4
    low_level_init.o              4
    -------------------------------------------------
    Total:                        8

rt7M_tl.a: [4]
    cexit.o                      10
    cmain.o                      22
    copy_init3.o                 46
    cstartup_M.o                 12
    data_init.o                  40
    zero_init3.o                 34
    -------------------------------------------------
    Total:                      164

shb_l.a: [5]
    exit.o                       20
    -------------------------------------------------
    Total:                       20

    Gaps                          8
    Linker created                        39    1 024
-----------------------------------------------------
    Grand Total:              8 436      552    1 485


*******************************************************************************
*** ENTRY LIST
***

Entry                      Address   Size  Type      Object
-----                      -------   ----  ----      ------
?main                   0x08002075         Code  Gb  cmain.o [4]
ADC1_2_IRQHandler       0x0800213d         Code  Wk  startup_stm32f10x_hd.o [1]
ADC3_IRQHandler         0x080021b1         Code  Wk  startup_stm32f10x_hd.o [1]
ADCPrescTable           0x2000011c    0x4  Data  Lc  stm32f10x_rcc.o [1]
APBAHBPrescTable        0x2000010c   0x10  Data  Lc  stm32f10x_rcc.o [1]
AudioDataIndex          0x2000002c    0x4  Data  Gb  i2s_codec.o [1]
AudioDataLength         0x20000024    0x4  Data  Gb  i2s_codec.o [1]
AudioFileAddress        0x20000020    0x4  Data  Gb  i2s_codec.o [1]
Audio_Config            0x080018bf    0xa  Code  Gb  hw_config.o [1]
BusFault_Handler        0x08001f2b    0x2  Code  Gb  stm32_it.o [1]
ByteSwap                0x08000c09    0xa  Code  Gb  usb_regs.o [1]
CAN1_RX1_IRQHandler     0x08002149         Code  Wk  startup_stm32f10x_hd.o [1]
CAN1_SCE_IRQHandler     0x0800214d         Code  Wk  startup_stm32f10x_hd.o [1]
CODEC_Config            0x08000ded  0x1d4  Code  Gb  i2s_codec.o [1]
CODEC_WriteRegister     0x08000fe5   0x78  Code  Lc  i2s_codec.o [1]
CSTACK$$Base            0x200001d0          --   Gb  - Linker created -
CSTACK$$Limit           0x200005d0          --   Gb  - Linker created -
CTR_HP                  0x080015fd   0x70  Code  Gb  usb_int.o [1]
CTR_LP                  0x080014d5  0x128  Code  Gb  usb_int.o [1]
ClearDTOG_RX            0x080009fd   0x24  Code  Gb  usb_regs.o [1]
ClearDTOG_TX            0x08000a21   0x22  Code  Gb  usb_regs.o [1]
Clear_Status_Out        0x080009c7   0x14  Code  Gb  usb_regs.o [1]
Config_Descriptor       0x20000128    0x8  Data  Gb  usb_prop.o [1]
CurrentOutputDevice     0x20000034    0x4  Data  Lc  i2s_codec.o [1]
CurrentVolume           0x20000001    0x1  Data  Lc  i2s_codec.o [1]
DMA1_Channel1_IRQHandler
                        0x08002121         Code  Wk  startup_stm32f10x_hd.o [1]
DMA1_Channel2_IRQHandler
                        0x08002125         Code  Wk  startup_stm32f10x_hd.o [1]
DMA1_Channel3_IRQHandler
                        0x08002129         Code  Wk  startup_stm32f10x_hd.o [1]
DMA1_Channel4_IRQHandler
                        0x0800212d         Code  Wk  startup_stm32f10x_hd.o [1]
DMA1_Channel5_IRQHandler
                        0x08002131         Code  Wk  startup_stm32f10x_hd.o [1]
DMA1_Channel6_IRQHandler
                        0x08002135         Code  Wk  startup_stm32f10x_hd.o [1]
DMA1_Channel7_IRQHandler
                        0x08002139         Code  Wk  startup_stm32f10x_hd.o [1]
DMA2_Channel1_IRQHandler
                        0x080021d5         Code  Wk  startup_stm32f10x_hd.o [1]
DMA2_Channel2_IRQHandler
                        0x080021d9         Code  Wk  startup_stm32f10x_hd.o [1]
DMA2_Channel3_IRQHandler
                        0x080021dd         Code  Wk  startup_stm32f10x_hd.o [1]
DMA2_Channel4_5_IRQHandler
                        0x080021e1         Code  Wk  startup_stm32f10x_hd.o [1]
DataStageIn             0x080003e3   0xa6  Code  Lc  usb_core.o [1]
DataStartAddr           0x20000028    0x4  Data  Gb  i2s_codec.o [1]
Data_Mul_MaxPacketSize  0x200001ce    0x1  Data  Gb  usb_core.o [1]
Data_Setup0             0x08000555  0x182  Code  Lc  usb_core.o [1]
DebugMon_Handler        0x08001f31    0x2  Code  Gb  stm32_it.o [1]
Device_Descriptor       0x20000120    0x8  Data  Gb  usb_prop.o [1]
Device_Info             0x20000138   0x1c  Data  Gb  usb_init.o [1]
Device_Property         0x20000044   0x30  Data  Gb  usb_prop.o [1]
Device_Table            0x20000130    0x4  Data  Gb  usb_prop.o [1]
EP                      0x20000160   0x20  Data  Gb  usb_pwr.o [1]
EP1_OUT_Callback        0x08001fad   0x44  Code  Gb  usb_endp.o [1]
EPindex                 0x200001cf    0x1  Data  Gb  usb_init.o [1]
EXTI0_IRQHandler        0x0800210d         Code  Wk  startup_stm32f10x_hd.o [1]
EXTI15_10_IRQHandler    0x08002195         Code  Wk  startup_stm32f10x_hd.o [1]
EXTI1_IRQHandler        0x08002111         Code  Wk  startup_stm32f10x_hd.o [1]
EXTI2_IRQHandler        0x08002115         Code  Wk  startup_stm32f10x_hd.o [1]
EXTI3_IRQHandler        0x08002119         Code  Wk  startup_stm32f10x_hd.o [1]
EXTI4_IRQHandler        0x0800211d         Code  Wk  startup_stm32f10x_hd.o [1]
EXTI9_5_IRQHandler      0x08002151         Code  Wk  startup_stm32f10x_hd.o [1]
EXTI_ClearITPendingBit  0x08001b99    0x2  Code  Gb  stm32f10x_exti.o [1]
EXTI_Init               0x08001b35   0x64  Code  Gb  stm32f10x_exti.o [1]
EXTI_InitStructure      0x200001a8    0x8  Data  Gb  hw_config.o [1]
FLASH_IRQHandler        0x08002105         Code  Wk  startup_stm32f10x_hd.o [1]
FSMC_IRQHandler         0x080021b5         Code  Wk  startup_stm32f10x_hd.o [1]
FreeUserBuffer          0x08000bbb   0x32  Code  Gb  usb_regs.o [1]
GPIO_Init               0x080010a5   0xba  Code  Gb  stm32f10x_gpio.o [1]
GPIO_ResetBits          0x08001163    0x4  Code  Gb  stm32f10x_gpio.o [1]
GPIO_SetBits            0x0800115f    0x4  Code  Gb  stm32f10x_gpio.o [1]
GetENDPOINT             0x0800093f    0xc  Code  Gb  usb_regs.o [1]
GetEPDblBuf0Count       0x08000b95    0x2  Code  Gb  usb_regs.o [1]
GetEPDblBuf1Count       0x08000bad    0xe  Code  Gb  usb_regs.o [1]
GetEPRxAddr             0x08000a55    0xe  Code  Gb  usb_regs.o [1]
GetEPTxAddr             0x08000a53    0x2  Code  Gb  usb_regs.o [1]
GetVar_SendDummyData    0x08000c9d    0x8  Code  Gb  i2s_codec.o [1]
Get_SerialNum           0x08001929   0x28  Code  Gb  hw_config.o [1]
HardFault_Handler       0x08001f27    0x2  Code  Gb  stm32_it.o [1]
HeaderTabIndex          0x20000000    0x1  Data  Gb  i2s_codec.o [1]
I2C1_ER_IRQHandler      0x08002175         Code  Wk  startup_stm32f10x_hd.o [1]
I2C1_EV_IRQHandler      0x08002171         Code  Wk  startup_stm32f10x_hd.o [1]
I2C2_ER_IRQHandler      0x0800217d         Code  Wk  startup_stm32f10x_hd.o [1]
I2C2_EV_IRQHandler      0x08002179         Code  Wk  startup_stm32f10x_hd.o [1]
I2C_CheckEvent          0x080014bb   0x1a  Code  Gb  stm32f10x_i2c.o [1]
I2C_Cmd                 0x08001459   0x14  Code  Gb  stm32f10x_i2c.o [1]
I2C_Config              0x08000db1   0x3c  Code  Lc  i2s_codec.o [1]
I2C_GenerateSTART       0x0800146d   0x14  Code  Gb  stm32f10x_i2c.o [1]
I2C_GenerateSTOP        0x08001481   0x14  Code  Gb  stm32f10x_i2c.o [1]
I2C_Init                0x08001399   0xb4  Code  Gb  stm32f10x_i2c.o [1]
I2C_Send7bitAddress     0x08001499   0x10  Code  Gb  stm32f10x_i2c.o [1]
I2C_SendData            0x08001495    0x4  Code  Gb  stm32f10x_i2c.o [1]
I2C_SoftwareResetCmd    0x080014a9   0x12  Code  Gb  stm32f10x_i2c.o [1]
I2S_CODEC_Reset         0x08000c83   0x1a  Code  Gb  i2s_codec.o [1]
I2S_Cmd                 0x08001343   0x14  Code  Gb  stm32f10x_spi.o [1]
I2S_Config              0x08000d59   0x58  Code  Gb  i2s_codec.o [1]
I2S_GPIO_Config         0x08000ca5   0x8c  Code  Gb  i2s_codec.o [1]
I2S_Init                0x080012b5   0x8e  Code  Gb  stm32f10x_spi.o [1]
In0_Process             0x08000749   0x4a  Code  Gb  usb_core.o [1]
In_Data_Offset          0x20000180    0x2  Data  Gb  usb_endp.o [1]
IntToUnicode            0x0800196d   0x28  Code  Lc  hw_config.o [1]
Leave_LowPowerMode      0x08001877   0x14  Code  Gb  hw_config.o [1]
MUTE_DATA               0x200001c4    0x4  Data  Gb  usb_prop.o [1]
MemManage_Handler       0x08001f29    0x2  Code  Gb  stm32_it.o [1]
Mute_Command            0x080017d1   0x12  Code  Gb  usb_prop.o [1]
NMI_Handler             0x08001f25    0x2  Code  Gb  stm32_it.o [1]
NOP_Process             0x08000901    0x2  Code  Gb  usb_core.o [1]
NVIC_Init               0x08001c9f   0x58  Code  Gb  misc.o [1]
NVIC_PriorityGroupConfig
                        0x08001c95    0xa  Code  Gb  misc.o [1]
NoData_Setup0           0x08000489   0xcc  Code  Lc  usb_core.o [1]
Out0_Process            0x08000793   0xb0  Code  Gb  usb_core.o [1]
Out_Data_Offset         0x200001ba    0x2  Data  Gb  stm32_it.o [1]
PMAToUserBufferCopy     0x08000c3d   0x1e  Code  Gb  usb_mem.o [1]
PVD_IRQHandler          0x080020f9         Code  Wk  startup_stm32f10x_hd.o [1]
PendSV_Handler          0x08001f33    0x2  Code  Gb  stm32_it.o [1]
Post0_Process           0x08000843   0x2c  Code  Gb  usb_core.o [1]
PowerOn                 0x08001995   0x22  Code  Gb  usb_pwr.o [1]
RCC_APB1PeriphClockCmd  0x080011f7   0x12  Code  Gb  stm32f10x_rcc.o [1]
RCC_APB1PeriphResetCmd  0x0800121b   0x12  Code  Gb  stm32f10x_rcc.o [1]
RCC_APB2PeriphClockCmd  0x080011e5   0x12  Code  Gb  stm32f10x_rcc.o [1]
RCC_APB2PeriphResetCmd  0x08001209   0x12  Code  Gb  stm32f10x_rcc.o [1]
RCC_GetClocksFreq       0x0800116f   0x76  Code  Gb  stm32f10x_rcc.o [1]
RCC_IRQHandler          0x08002109         Code  Wk  startup_stm32f10x_hd.o [1]
RCC_USBCLKConfig        0x08001169    0x6  Code  Gb  stm32f10x_rcc.o [1]
RTCAlarm_IRQHandler     0x08002199         Code  Wk  startup_stm32f10x_hd.o [1]
RTC_IRQHandler          0x08002101         Code  Wk  startup_stm32f10x_hd.o [1]
Region$$Table$$Base     0x08002018          --   Gb  - Linker created -
Region$$Table$$Limit    0x0800203c          --   Gb  - Linker created -
Reset_Handler           0x080020b5         Code  Wk  startup_stm32f10x_hd.o [1]
Resume                  0x08001a79   0x84  Code  Gb  usb_pwr.o [1]
ResumeS                 0x200001b0    0x4  Data  Gb  usb_pwr.o [1]
Resume_Init             0x08001a5d   0x1a  Code  Gb  usb_pwr.o [1]
SDIO_IRQHandler         0x080021b9         Code  Wk  startup_stm32f10x_hd.o [1]
SOF_Callback            0x08001e2d    0xc  Code  Gb  usb_istr.o [1]
SPI1_IRQHandler         0x08002181         Code  Wk  startup_stm32f10x_hd.o [1]
SPI2_IRQHandler         0x08001f3f   0x50  Code  Gb  stm32_it.o [1]
SPI3_IRQHandler         0x080021c1         Code  Wk  startup_stm32f10x_hd.o [1]
SPI_I2S_DeInit          0x08001251   0x58  Code  Gb  stm32f10x_spi.o [1]
SPI_I2S_GetITStatus     0x08001375   0x22  Code  Gb  stm32f10x_spi.o [1]
SPI_I2S_ITConfig        0x08001357   0x1a  Code  Gb  stm32f10x_spi.o [1]
SPI_I2S_SendData        0x08001371    0x4  Code  Gb  stm32f10x_spi.o [1]
SVC_Handler             0x08001f2f    0x2  Code  Gb  stm32_it.o [1]
SaveRState              0x200001c0    0x2  Data  Gb  usb_int.o [1]
SaveTState              0x200001c2    0x2  Data  Gb  usb_int.o [1]
SendDummyData           0x20000030    0x4  Data  Lc  i2s_codec.o [1]
SetBTABLE               0x08000931    0xe  Code  Gb  usb_regs.o [1]
SetDeviceAddress        0x08000885   0x36  Code  Gb  usb_core.o [1]
SetEPDblBuffAddr        0x08000aa9   0x2a  Code  Gb  usb_regs.o [1]
SetEPDblBuffCount       0x08000afd   0x98  Code  Gb  usb_regs.o [1]
SetEPRxAddr             0x08000a45    0xe  Code  Gb  usb_regs.o [1]
SetEPRxCount            0x08000a71   0x38  Code  Gb  usb_regs.o [1]
SetEPRxStatus           0x08000981   0x20  Code  Gb  usb_regs.o [1]
SetEPRxValid            0x080009af   0x18  Code  Gb  usb_regs.o [1]
SetEPTxAddr             0x08000a43    0x2  Code  Gb  usb_regs.o [1]
SetEPTxCount            0x08000a63    0xe  Code  Gb  usb_regs.o [1]
SetEPTxStatus           0x0800095f   0x22  Code  Gb  usb_regs.o [1]
SetEPType               0x0800094b   0x14  Code  Gb  usb_regs.o [1]
Set_System              0x08001811   0x50  Code  Gb  hw_config.o [1]
Set_USBClock            0x08001861   0x16  Code  Gb  hw_config.o [1]
Setup0_Process          0x080006e1   0x68  Code  Gb  usb_core.o [1]
Speaker_Config          0x080018f9   0x30  Code  Gb  hw_config.o [1]
Speaker_ConfigDescriptor
                        0x08001e6c   0x70  Data  Gb  usb_desc.o [1]
Speaker_Data_Setup      0x08001773   0x26  Code  Gb  usb_prop.o [1]
Speaker_DeviceDescriptor
                        0x08001e58   0x14  Data  Gb  usb_desc.o [1]
Speaker_GetConfigDescriptor
                        0x080017a3    0x6  Code  Gb  usb_prop.o [1]
Speaker_GetDeviceDescriptor
                        0x0800179d    0x6  Code  Gb  usb_prop.o [1]
Speaker_GetStringDescriptor
                        0x080017a9   0x18  Code  Gb  usb_prop.o [1]
Speaker_Get_Interface_Setting
                        0x080017c1   0x10  Code  Gb  usb_prop.o [1]
Speaker_NoData_Setup    0x08001799    0x4  Code  Gb  usb_prop.o [1]
Speaker_Reset           0x080016a7   0xb2  Code  Gb  usb_prop.o [1]
Speaker_SetConfiguration
                        0x08001759    0xe  Code  Gb  usb_prop.o [1]
Speaker_SetDeviceAddress
                        0x08001767    0x8  Code  Gb  usb_prop.o [1]
Speaker_Status_In       0x0800176f    0x2  Code  Gb  usb_prop.o [1]
Speaker_Status_Out      0x08001771    0x2  Code  Gb  usb_prop.o [1]
Speaker_StringLangID    0x08001edc    0x4  Data  Gb  usb_desc.o [1]
Speaker_StringProduct   0x08001f08   0x1c  Data  Gb  usb_desc.o [1]
Speaker_StringSerial    0x200000b8   0x1c  Data  Gb  usb_desc.o [1]
Speaker_StringVendor    0x08001ee0   0x28  Data  Gb  usb_desc.o [1]
Speaker_init            0x08001689   0x1e  Code  Gb  usb_prop.o [1]
Standard_ClearFeature   0x08000279   0xc2  Code  Gb  usb_core.o [1]
Standard_GetConfiguration
                        0x08000131   0x18  Code  Gb  usb_core.o [1]
Standard_GetDescriptorData
                        0x080003c9   0x1a  Code  Gb  usb_core.o [1]
Standard_GetInterface   0x0800017b   0x18  Code  Gb  usb_core.o [1]
Standard_GetStatus      0x080001e3   0x8e  Code  Gb  usb_core.o [1]
Standard_SetConfiguration
                        0x08000149   0x32  Code  Gb  usb_core.o [1]
Standard_SetDeviceFeature
                        0x080003ad   0x1c  Code  Gb  usb_core.o [1]
Standard_SetEndPointFeature
                        0x0800033b   0x72  Code  Gb  usb_core.o [1]
Standard_SetInterface   0x0800019d   0x46  Code  Gb  usb_core.o [1]
StatusInfo              0x200001bc    0x4  Data  Gb  usb_core.o [1]
Stream_Buff             0x20000184   0x18  Data  Gb  usb_endp.o [1]
String_Descriptor       0x20000098   0x20  Data  Gb  usb_prop.o [1]
Suspend                 0x080019b7   0xa6  Code  Gb  usb_pwr.o [1]
SysTick_Handler         0x08001f35    0x2  Code  Gb  stm32_it.o [1]
SystemInit              0x08001ba9   0xd8  Code  Gb  system_stm32f10x.o [1]
TAMPER_IRQHandler       0x080020fd         Code  Wk  startup_stm32f10x_hd.o [1]
TIM1_BRK_IRQHandler     0x08002155         Code  Wk  startup_stm32f10x_hd.o [1]
TIM1_CC_IRQHandler      0x08002161         Code  Wk  startup_stm32f10x_hd.o [1]
TIM1_TRG_COM_IRQHandler
                        0x0800215d         Code  Wk  startup_stm32f10x_hd.o [1]
TIM1_UP_IRQHandler      0x08002159         Code  Wk  startup_stm32f10x_hd.o [1]
TIM2_IRQHandler         0x08002165         Code  Wk  startup_stm32f10x_hd.o [1]
TIM3_IRQHandler         0x08002169         Code  Wk  startup_stm32f10x_hd.o [1]
TIM4_IRQHandler         0x0800216d         Code  Wk  startup_stm32f10x_hd.o [1]
TIM5_IRQHandler         0x080021bd         Code  Wk  startup_stm32f10x_hd.o [1]
TIM6_IRQHandler         0x080021cd         Code  Wk  startup_stm32f10x_hd.o [1]
TIM7_IRQHandler         0x080021d1         Code  Wk  startup_stm32f10x_hd.o [1]
TIM8_BRK_IRQHandler     0x080021a1         Code  Wk  startup_stm32f10x_hd.o [1]
TIM8_CC_IRQHandler      0x080021ad         Code  Wk  startup_stm32f10x_hd.o [1]
TIM8_TRG_COM_IRQHandler
                        0x080021a9         Code  Wk  startup_stm32f10x_hd.o [1]
TIM8_UP_IRQHandler      0x080021a5         Code  Wk  startup_stm32f10x_hd.o [1]
ToggleDTOG_TX           0x080009e5   0x18  Code  Gb  usb_regs.o [1]
UART4_IRQHandler        0x080021c5         Code  Wk  startup_stm32f10x_hd.o [1]
UART5_IRQHandler        0x080021c9         Code  Wk  startup_stm32f10x_hd.o [1]
USART1_IRQHandler       0x08002189         Code  Wk  startup_stm32f10x_hd.o [1]
USART2_IRQHandler       0x0800218d         Code  Wk  startup_stm32f10x_hd.o [1]
USART3_IRQHandler       0x08002191         Code  Wk  startup_stm32f10x_hd.o [1]
USBWakeUp_IRQHandler    0x08001fa5    0x8  Code  Gb  stm32_it.o [1]
USB_Cable_Config        0x080018e5   0x14  Code  Gb  hw_config.o [1]
USB_Config              0x0800188b   0x34  Code  Gb  hw_config.o [1]
USB_HP_CAN1_TX_IRQHandler
                        0x08001f37    0x4  Code  Gb  stm32_it.o [1]
USB_Init                0x0800203d   0x20  Code  Gb  usb_init.o [1]
USB_Istr                0x08001d0d  0x120  Code  Gb  usb_istr.o [1]
USB_LP_CAN1_RX0_IRQHandler
                        0x08001f3b    0x4  Code  Gb  stm32_it.o [1]
USB_SIL_Init            0x08001b19   0x14  Code  Gb  usb_sil.o [1]
UsageFault_Handler      0x08001f2d    0x2  Code  Gb  stm32_it.o [1]
UserToPMABufferCopy     0x08000c13   0x2a  Code  Gb  usb_mem.o [1]
User_Standard_Requests  0x20000074   0x24  Data  Gb  usb_prop.o [1]
WAVE_Format             0x20000004   0x18  Data  Gb  i2s_codec.o [1]
WWDG_IRQHandler         0x080020f5         Code  Wk  startup_stm32f10x_hd.o [1]
WaveFileStatus          0x20000002    0x1  Data  Gb  i2s_codec.o [1]
__cmain                 0x08002075         Code  Gb  cmain.o [4]
__exit                  0x080020a1   0x14  Code  Gb  exit.o [5]
__iar_copy_init3        0x08000903   0x2e  Code  Gb  copy_init3.o [4]
__iar_data_init3        0x08001ff1   0x28  Code  Gb  data_init.o [4]
__iar_program_start     0x080020c5         Code  Gb  cstartup_M.o [4]
__iar_zero_init3        0x08000c5b   0x22  Code  Gb  zero_init3.o [4]
__low_level_init        0x0800208b    0x4  Code  Gb  low_level_init.o [3]
__vector_table          0x08000000         Data  Gb  startup_stm32f10x_hd.o [1]
_call_main              0x08002081         Code  Gb  cmain.o [4]
_exit                   0x08002095         Code  Gb  cexit.o [4]
_main                   0x08002087         Code  Gb  cmain.o [4]
bDeviceState            0x200001c8    0x4  Data  Gb  usb_pwr.o [1]
bIntPackSOF             0x2000019c    0x1  Data  Gb  usb_istr.o [1]
delay                   0x08001091   0x14  Code  Gb  i2s_codec.o [1]
errorcode               0x20000038    0x4  Data  Lc  i2s_codec.o [1]
esof_counter            0x200001a0    0x4  Data  Gb  usb_istr.o [1]
exit                    0x0800208f    0x4  Code  Gb  exit.o [3]
fSuspendEnabled         0x20000134    0x1  Data  Gb  usb_pwr.o [1]
i2saudiofreq            0x2000001c    0x2  Data  Gb  i2s_codec.o [1]
main                    0x0800205d   0x18  Code  Gb  main.o [1]
monovar                 0x2000003c    0x4  Data  Lc  i2s_codec.o [1]
pEpInt_IN               0x200000d4   0x1c  Data  Gb  usb_istr.o [1]
pEpInt_OUT              0x200000f0   0x1c  Data  Gb  usb_istr.o [1]
pInformation            0x20000154    0x4  Data  Gb  usb_init.o [1]
pProperty               0x20000158    0x4  Data  Gb  usb_init.o [1]
pUser_Standard_Requests
                        0x2000015c    0x4  Data  Gb  usb_init.o [1]
remotewakeupon          0x200001b4    0x4  Data  Gb  usb_pwr.o [1]
tmpvar                  0x20000040    0x4  Data  Lc  i2s_codec.o [1]
wCNTR                   0x200001a4    0x4  Data  Gb  usb_istr.o [1]
wInterrupt_Mask         0x200001cc    0x2  Data  Gb  usb_init.o [1]
wIstr                   0x2000019e    0x2  Data  Gb  usb_istr.o [1]


[1] = C:\Users\lisonchen\1project\c_STM32_USB-FS-Device_Lib_V4.0.0\Projects\Audio_Speaker\EWARM\STM3210E-EVAL\Obj
[2] = command line
[3] = dl7M_tln.a
[4] = rt7M_tl.a
[5] = shb_l.a

  8 436 bytes of readonly  code memory
    552 bytes of readonly  data memory
  1 485 bytes of readwrite data memory

Errors: none
Warnings: none
