###############################################################################
#                                                                             #
# IAR ELF Linker V6.50.1.4415/W32 for ARM               24/Sep/2015  16:05:17 #
# Copyright 2007-2012 IAR Systems AB.                                         #
#                                                                             #
#    Output file  =  C:\Users\lisonchen\1project\c_STM32_USB-FS-Device_Lib_V4 #
#                    .0.0\Projects\Composite_Example\EWARM\STM3210E-EVAL\Exe\ #
#                    Composite_Example.out                                    #
#    Map file     =  C:\Users\lisonchen\1project\c_STM32_USB-FS-Device_Lib_V4 #
#                    .0.0\Projects\Composite_Example\EWARM\STM3210E-EVAL\List #
#                    \Composite_Example.map                                   #
#    Command line =  C:\Users\lisonchen\1project\c_STM32_USB-FS-Device_Lib_V4 #
#                    .0.0\Projects\Composite_Example\EWARM\STM3210E-EVAL\Obj\ #
#                    fsmc_nand.o C:\Users\lisonchen\1project\c_STM32_USB-FS-D #
#                    evice_Lib_V4.0.0\Projects\Composite_Example\EWARM\STM321 #
#                    0E-EVAL\Obj\hw_config.o C:\Users\lisonchen\1project\c_ST #
#                    M32_USB-FS-Device_Lib_V4.0.0\Projects\Composite_Example\ #
#                    EWARM\STM3210E-EVAL\Obj\main.o                           #
#                    C:\Users\lisonchen\1project\c_STM32_USB-FS-Device_Lib_V4 #
#                    .0.0\Projects\Composite_Example\EWARM\STM3210E-EVAL\Obj\ #
#                    mass_mal.o C:\Users\lisonchen\1project\c_STM32_USB-FS-De #
#                    vice_Lib_V4.0.0\Projects\Composite_Example\EWARM\STM3210 #
#                    E-EVAL\Obj\memory.o C:\Users\lisonchen\1project\c_STM32_ #
#                    USB-FS-Device_Lib_V4.0.0\Projects\Composite_Example\EWAR #
#                    M\STM3210E-EVAL\Obj\misc.o C:\Users\lisonchen\1project\c #
#                    _STM32_USB-FS-Device_Lib_V4.0.0\Projects\Composite_Examp #
#                    le\EWARM\STM3210E-EVAL\Obj\nand_if.o                     #
#                    C:\Users\lisonchen\1project\c_STM32_USB-FS-Device_Lib_V4 #
#                    .0.0\Projects\Composite_Example\EWARM\STM3210E-EVAL\Obj\ #
#                    scsi_data.o C:\Users\lisonchen\1project\c_STM32_USB-FS-D #
#                    evice_Lib_V4.0.0\Projects\Composite_Example\EWARM\STM321 #
#                    0E-EVAL\Obj\startup_stm32f10x_hd.o                       #
#                    C:\Users\lisonchen\1project\c_STM32_USB-FS-Device_Lib_V4 #
#                    .0.0\Projects\Composite_Example\EWARM\STM3210E-EVAL\Obj\ #
#                    stm3210e_eval.o C:\Users\lisonchen\1project\c_STM32_USB- #
#                    FS-Device_Lib_V4.0.0\Projects\Composite_Example\EWARM\ST #
#                    M3210E-EVAL\Obj\stm3210e_eval_sdio_sd.o                  #
#                    C:\Users\lisonchen\1project\c_STM32_USB-FS-Device_Lib_V4 #
#                    .0.0\Projects\Composite_Example\EWARM\STM3210E-EVAL\Obj\ #
#                    stm32_it.o C:\Users\lisonchen\1project\c_STM32_USB-FS-De #
#                    vice_Lib_V4.0.0\Projects\Composite_Example\EWARM\STM3210 #
#                    E-EVAL\Obj\stm32f10x_adc.o C:\Users\lisonchen\1project\c #
#                    _STM32_USB-FS-Device_Lib_V4.0.0\Projects\Composite_Examp #
#                    le\EWARM\STM3210E-EVAL\Obj\stm32f10x_dma.o               #
#                    C:\Users\lisonchen\1project\c_STM32_USB-FS-Device_Lib_V4 #
#                    .0.0\Projects\Composite_Example\EWARM\STM3210E-EVAL\Obj\ #
#                    stm32f10x_exti.o C:\Users\lisonchen\1project\c_STM32_USB #
#                    -FS-Device_Lib_V4.0.0\Projects\Composite_Example\EWARM\S #
#                    TM3210E-EVAL\Obj\stm32f10x_flash.o                       #
#                    C:\Users\lisonchen\1project\c_STM32_USB-FS-Device_Lib_V4 #
#                    .0.0\Projects\Composite_Example\EWARM\STM3210E-EVAL\Obj\ #
#                    stm32f10x_fsmc.o C:\Users\lisonchen\1project\c_STM32_USB #
#                    -FS-Device_Lib_V4.0.0\Projects\Composite_Example\EWARM\S #
#                    TM3210E-EVAL\Obj\stm32f10x_gpio.o                        #
#                    C:\Users\lisonchen\1project\c_STM32_USB-FS-Device_Lib_V4 #
#                    .0.0\Projects\Composite_Example\EWARM\STM3210E-EVAL\Obj\ #
#                    stm32f10x_i2c.o C:\Users\lisonchen\1project\c_STM32_USB- #
#                    FS-Device_Lib_V4.0.0\Projects\Composite_Example\EWARM\ST #
#                    M3210E-EVAL\Obj\stm32f10x_pwr.o                          #
#                    C:\Users\lisonchen\1project\c_STM32_USB-FS-Device_Lib_V4 #
#                    .0.0\Projects\Composite_Example\EWARM\STM3210E-EVAL\Obj\ #
#                    stm32f10x_rcc.o C:\Users\lisonchen\1project\c_STM32_USB- #
#                    FS-Device_Lib_V4.0.0\Projects\Composite_Example\EWARM\ST #
#                    M3210E-EVAL\Obj\stm32f10x_sdio.o                         #
#                    C:\Users\lisonchen\1project\c_STM32_USB-FS-Device_Lib_V4 #
#                    .0.0\Projects\Composite_Example\EWARM\STM3210E-EVAL\Obj\ #
#                    stm32f10x_spi.o C:\Users\lisonchen\1project\c_STM32_USB- #
#                    FS-Device_Lib_V4.0.0\Projects\Composite_Example\EWARM\ST #
#                    M3210E-EVAL\Obj\stm32f10x_usart.o                        #
#                    C:\Users\lisonchen\1project\c_STM32_USB-FS-Device_Lib_V4 #
#                    .0.0\Projects\Composite_Example\EWARM\STM3210E-EVAL\Obj\ #
#                    system_stm32f10x.o C:\Users\lisonchen\1project\c_STM32_U #
#                    SB-FS-Device_Lib_V4.0.0\Projects\Composite_Example\EWARM #
#                    \STM3210E-EVAL\Obj\usb_bot.o                             #
#                    C:\Users\lisonchen\1project\c_STM32_USB-FS-Device_Lib_V4 #
#                    .0.0\Projects\Composite_Example\EWARM\STM3210E-EVAL\Obj\ #
#                    usb_core.o C:\Users\lisonchen\1project\c_STM32_USB-FS-De #
#                    vice_Lib_V4.0.0\Projects\Composite_Example\EWARM\STM3210 #
#                    E-EVAL\Obj\usb_desc.o C:\Users\lisonchen\1project\c_STM3 #
#                    2_USB-FS-Device_Lib_V4.0.0\Projects\Composite_Example\EW #
#                    ARM\STM3210E-EVAL\Obj\usb_endp.o                         #
#                    C:\Users\lisonchen\1project\c_STM32_USB-FS-Device_Lib_V4 #
#                    .0.0\Projects\Composite_Example\EWARM\STM3210E-EVAL\Obj\ #
#                    usb_init.o C:\Users\lisonchen\1project\c_STM32_USB-FS-De #
#                    vice_Lib_V4.0.0\Projects\Composite_Example\EWARM\STM3210 #
#                    E-EVAL\Obj\usb_int.o C:\Users\lisonchen\1project\c_STM32 #
#                    _USB-FS-Device_Lib_V4.0.0\Projects\Composite_Example\EWA #
#                    RM\STM3210E-EVAL\Obj\usb_istr.o                          #
#                    C:\Users\lisonchen\1project\c_STM32_USB-FS-Device_Lib_V4 #
#                    .0.0\Projects\Composite_Example\EWARM\STM3210E-EVAL\Obj\ #
#                    usb_mem.o C:\Users\lisonchen\1project\c_STM32_USB-FS-Dev #
#                    ice_Lib_V4.0.0\Projects\Composite_Example\EWARM\STM3210E #
#                    -EVAL\Obj\usb_prop.o C:\Users\lisonchen\1project\c_STM32 #
#                    _USB-FS-Device_Lib_V4.0.0\Projects\Composite_Example\EWA #
#                    RM\STM3210E-EVAL\Obj\usb_pwr.o                           #
#                    C:\Users\lisonchen\1project\c_STM32_USB-FS-Device_Lib_V4 #
#                    .0.0\Projects\Composite_Example\EWARM\STM3210E-EVAL\Obj\ #
#                    usb_regs.o C:\Users\lisonchen\1project\c_STM32_USB-FS-De #
#                    vice_Lib_V4.0.0\Projects\Composite_Example\EWARM\STM3210 #
#                    E-EVAL\Obj\usb_scsi.o C:\Users\lisonchen\1project\c_STM3 #
#                    2_USB-FS-Device_Lib_V4.0.0\Projects\Composite_Example\EW #
#                    ARM\STM3210E-EVAL\Obj\usb_sil.o --redirect               #
#                    _Printf=_PrintfFull --redirect _Scanf=_ScanfFull -o      #
#                    C:\Users\lisonchen\1project\c_STM32_USB-FS-Device_Lib_V4 #
#                    .0.0\Projects\Composite_Example\EWARM\STM3210E-EVAL\Exe\ #
#                    Composite_Example.out --map                              #
#                    C:\Users\lisonchen\1project\c_STM32_USB-FS-Device_Lib_V4 #
#                    .0.0\Projects\Composite_Example\EWARM\STM3210E-EVAL\List #
#                    \Composite_Example.map --config                          #
#                    C:\Users\lisonchen\1project\c_STM32_USB-FS-Device_Lib_V4 #
#                    .0.0\Projects\Composite_Example\EWARM\stm32f10x_flash.ic #
#                    f --semihosting --entry __iar_program_start --vfe        #
#                                                                             #
#                                                                             #
###############################################################################

*******************************************************************************
*** RUNTIME MODEL ATTRIBUTES
***

CppFlavor       = *
__SystemLibrary = DLib


*******************************************************************************
*** PLACEMENT SUMMARY
***

"A1":  place at 0x08000000 { ro section .intvec };
"P1":  place in [from 0x08000000 to 0x080fffff] { ro };
"P2":  place in [from 0x20000000 to 0x20017fff] { rw, block CSTACK, block HEAP };

  Section            Kind        Address    Size  Object
  -------            ----        -------    ----  ------
"A1":                                      0x130
  .intvec            ro code  0x08000000   0x130  startup_stm32f10x_hd.o [1]
                            - 0x08000130   0x130

"P1":                                     0x41dc
  .text              ro code  0x08000130   0xd2e  stm3210e_eval_sdio_sd.o [1]
  .text              ro code  0x08000e5e    0x2e  copy_init3.o [4]
  .text              ro code  0x08000e8c   0x2d0  stm3210e_eval.o [1]
  .text              ro code  0x0800115c   0x138  stm32f10x_sdio.o [1]
  .text              ro code  0x08001294    0xf8  stm32f10x_gpio.o [1]
  .text              ro code  0x0800138c   0x138  stm32f10x_dma.o [1]
  .text              ro code  0x080014c4    0x60  stm32f10x_rcc.o [1]
  .text              ro code  0x08001524    0x8c  stm32f10x_exti.o [1]
  .text              ro code  0x080015b0    0x78  misc.o [1]
  .text              ro code  0x08001628   0x7d2  usb_core.o [1]
  .text              ro code  0x08001dfa    0x22  zero_init3.o [4]
  .text              ro code  0x08001e1c   0x1de  usb_regs.o [1]
  .text              ro code  0x08001ffa    0x48  usb_mem.o [1]
  .text              ro code  0x08002044   0x498  nand_if.o [1]
  .text              ro code  0x080024dc   0x2c6  fsmc_nand.o [1]
  .text              ro code  0x080027a4    0x76  ABImemcpy.o [4]
  .text              ro code  0x0800281c   0x2f4  hw_config.o [1]
  .text              ro code  0x08002b10    0xec  system_stm32f10x.o [1]
  .text              ro code  0x08002bfc   0x118  stm32f10x_adc.o [1]
  .text              ro code  0x08002d14   0x2e8  usb_prop.o [1]
  .text              ro code  0x08002ffc   0x184  usb_pwr.o [1]
  .text              ro code  0x08003180    0x66  usb_sil.o [1]
  .text              ro code  0x080031e8   0x2b4  usb_bot.o [1]
  .text              ro code  0x0800349c   0x2d4  usb_scsi.o [1]
  .text              ro code  0x08003770   0x146  mass_mal.o [1]
  .text              ro code  0x080038b8   0x170  memory.o [1]
  .rodata            const    0x08003a28   0x140  usb_desc.o [1]
  .text              ro code  0x08003b68   0x140  usb_int.o [1]
  .text              ro code  0x08003ca8   0x134  usb_istr.o [1]
  .text              ro code  0x08003ddc   0x122  stm32_it.o [1]
  .text              ro code  0x08003f00    0x88  usb_endp.o [1]
  .text              ro code  0x08003f88    0x28  data_init.o [4]
  .iar.init_table    const    0x08003fb0    0x24  - Linker created -
  .text              ro code  0x08003fd4    0x20  usb_init.o [1]
  .text              ro code  0x08003ff4    0x16  cmain.o [4]
  .text              ro code  0x0800400a     0x4  low_level_init.o [3]
  .text              ro code  0x08004010    0x14  main.o [1]
  .text              ro code  0x08004024     0x4  exit.o [3]
  .text              ro code  0x08004028     0xa  cexit.o [4]
  .text              ro code  0x08004034    0x14  exit.o [5]
  .text              ro code  0x08004048    0x10  startup_stm32f10x_hd.o [1]
  .text              ro code  0x08004058     0xc  cstartup_M.o [4]
  .text              ro code  0x08004064     0x4  startup_stm32f10x_hd.o [1]
  .text              ro code  0x08004068     0x4  startup_stm32f10x_hd.o [1]
  .text              ro code  0x0800406c     0x4  startup_stm32f10x_hd.o [1]
  .text              ro code  0x08004070     0x4  startup_stm32f10x_hd.o [1]
  .text              ro code  0x08004074     0x4  startup_stm32f10x_hd.o [1]
  .text              ro code  0x08004078     0x4  startup_stm32f10x_hd.o [1]
  .text              ro code  0x0800407c     0x4  startup_stm32f10x_hd.o [1]
  .text              ro code  0x08004080     0x4  startup_stm32f10x_hd.o [1]
  .text              ro code  0x08004084     0x4  startup_stm32f10x_hd.o [1]
  .text              ro code  0x08004088     0x4  startup_stm32f10x_hd.o [1]
  .text              ro code  0x0800408c     0x4  startup_stm32f10x_hd.o [1]
  .text              ro code  0x08004090     0x4  startup_stm32f10x_hd.o [1]
  .text              ro code  0x08004094     0x4  startup_stm32f10x_hd.o [1]
  .text              ro code  0x08004098     0x4  startup_stm32f10x_hd.o [1]
  .text              ro code  0x0800409c     0x4  startup_stm32f10x_hd.o [1]
  .text              ro code  0x080040a0     0x4  startup_stm32f10x_hd.o [1]
  .text              ro code  0x080040a4     0x4  startup_stm32f10x_hd.o [1]
  .text              ro code  0x080040a8     0x4  startup_stm32f10x_hd.o [1]
  .text              ro code  0x080040ac     0x4  startup_stm32f10x_hd.o [1]
  .text              ro code  0x080040b0     0x4  startup_stm32f10x_hd.o [1]
  .text              ro code  0x080040b4     0x4  startup_stm32f10x_hd.o [1]
  .text              ro code  0x080040b8     0x4  startup_stm32f10x_hd.o [1]
  .text              ro code  0x080040bc     0x4  startup_stm32f10x_hd.o [1]
  .text              ro code  0x080040c0     0x4  startup_stm32f10x_hd.o [1]
  .text              ro code  0x080040c4     0x4  startup_stm32f10x_hd.o [1]
  .text              ro code  0x080040c8     0x4  startup_stm32f10x_hd.o [1]
  .text              ro code  0x080040cc     0x4  startup_stm32f10x_hd.o [1]
  .text              ro code  0x080040d0     0x4  startup_stm32f10x_hd.o [1]
  .text              ro code  0x080040d4     0x4  startup_stm32f10x_hd.o [1]
  .text              ro code  0x080040d8     0x4  startup_stm32f10x_hd.o [1]
  .text              ro code  0x080040dc     0x4  startup_stm32f10x_hd.o [1]
  .text              ro code  0x080040e0     0x4  startup_stm32f10x_hd.o [1]
  .text              ro code  0x080040e4     0x4  startup_stm32f10x_hd.o [1]
  .text              ro code  0x080040e8     0x4  startup_stm32f10x_hd.o [1]
  .text              ro code  0x080040ec     0x4  startup_stm32f10x_hd.o [1]
  .text              ro code  0x080040f0     0x4  startup_stm32f10x_hd.o [1]
  .text              ro code  0x080040f4     0x4  startup_stm32f10x_hd.o [1]
  .text              ro code  0x080040f8     0x4  startup_stm32f10x_hd.o [1]
  .text              ro code  0x080040fc     0x4  startup_stm32f10x_hd.o [1]
  .text              ro code  0x08004100     0x4  startup_stm32f10x_hd.o [1]
  .text              ro code  0x08004104     0x4  startup_stm32f10x_hd.o [1]
  .text              ro code  0x08004108     0x4  startup_stm32f10x_hd.o [1]
  .text              ro code  0x0800410c     0x4  startup_stm32f10x_hd.o [1]
  .text              ro code  0x08004110     0x4  startup_stm32f10x_hd.o [1]
  .text              ro code  0x08004114     0x4  startup_stm32f10x_hd.o [1]
  .text              ro code  0x08004118     0x4  startup_stm32f10x_hd.o [1]
  .text              ro code  0x0800411c     0x4  startup_stm32f10x_hd.o [1]
  .text              ro code  0x08004120     0x4  startup_stm32f10x_hd.o [1]
  .text              ro code  0x08004124     0x4  startup_stm32f10x_hd.o [1]
  .text              ro code  0x08004128     0x4  startup_stm32f10x_hd.o [1]
  .text              ro code  0x0800412c     0x4  startup_stm32f10x_hd.o [1]
  .text              ro code  0x08004130     0x4  startup_stm32f10x_hd.o [1]
  .text              ro code  0x08004134     0x4  startup_stm32f10x_hd.o [1]
  .text              ro code  0x08004138     0x4  startup_stm32f10x_hd.o [1]
  .text              ro code  0x0800413c     0x4  startup_stm32f10x_hd.o [1]
  .text              ro code  0x08004140     0x4  startup_stm32f10x_hd.o [1]
  .text              ro code  0x08004144     0x4  startup_stm32f10x_hd.o [1]
  .text              ro code  0x08004148     0x4  startup_stm32f10x_hd.o [1]
  .text              ro code  0x0800414c     0x4  startup_stm32f10x_hd.o [1]
  .text              ro code  0x08004150     0x4  startup_stm32f10x_hd.o [1]
  .text              ro code  0x08004154     0x4  startup_stm32f10x_hd.o [1]
  .text              ro code  0x08004158     0x4  startup_stm32f10x_hd.o [1]
  .text              ro code  0x0800415c     0x4  startup_stm32f10x_hd.o [1]
  .text              ro code  0x08004160     0x4  startup_stm32f10x_hd.o [1]
  .text              ro code  0x08004164     0x4  startup_stm32f10x_hd.o [1]
  .text              ro code  0x08004168     0x4  startup_stm32f10x_hd.o [1]
  .text              ro code  0x0800416c     0x4  startup_stm32f10x_hd.o [1]
  .text              ro code  0x08004170     0x4  startup_stm32f10x_hd.o [1]
  .text              ro code  0x08004174     0x4  startup_stm32f10x_hd.o [1]
  .rodata            const    0x08004178     0x0  zero_init3.o [4]
  .rodata            const    0x08004178     0x0  copy_init3.o [4]
  Initializer bytes  ro data  0x08004178   0x194  <for P2 s0>
                            - 0x0800430c  0x41dc

"P2", part 1 of 3:                         0x194
  P2 s0                       0x20000000   0x194  <Init block>
    .data            inited   0x20000000    0x30  usb_prop.o [1]
    .data            inited   0x20000030    0x24  scsi_data.o [1]
    .data            inited   0x20000054    0x24  scsi_data.o [1]
    .data            inited   0x20000078    0x24  usb_prop.o [1]
    .data            inited   0x2000009c    0x20  stm3210e_eval.o [1]
    .data            inited   0x200000bc    0x20  usb_prop.o [1]
    .data            inited   0x200000dc    0x1c  usb_desc.o [1]
    .data            inited   0x200000f8    0x1c  usb_istr.o [1]
    .data            inited   0x20000114    0x1c  usb_istr.o [1]
    .data            inited   0x20000130    0x14  scsi_data.o [1]
    .data            inited   0x20000144    0x10  stm3210e_eval.o [1]
    .data            inited   0x20000154     0xc  scsi_data.o [1]
    .data            inited   0x20000160     0x8  scsi_data.o [1]
    .data            inited   0x20000168     0x8  usb_prop.o [1]
    .data            inited   0x20000170     0x8  usb_prop.o [1]
    .data            inited   0x20000178     0x8  usb_prop.o [1]
    .data            inited   0x20000180     0x8  usb_prop.o [1]
    .data            inited   0x20000188     0x4  scsi_data.o [1]
    .data            inited   0x2000018c     0x4  usb_prop.o [1]
    .data            inited   0x20000190     0x1  main.o [1]
    .data            inited   0x20000191     0x1  usb_pwr.o [1]
                            - 0x20000194   0x194

"P2", part 2 of 3:                         0xca4
  .bss               zero     0x20000194   0x800  nand_if.o [1]
  .bss               zero     0x20000994   0x200  memory.o [1]
  .bss               zero     0x20000b94    0x7c  stm3210e_eval_sdio_sd.o [1]
  .bss               zero     0x20000c10    0x2c  usb_bot.o [1]
  .bss               zero     0x20000c40    0x74  mass_mal.o [1]
  .bss               zero     0x20000cb4    0x24  memory.o [1]
  .bss               zero     0x20000cd8    0x58  stm3210e_eval_sdio_sd.o [1]
  .bss               zero     0x20000d30    0x40  usb_bot.o [1]
  .bss               zero     0x20000d70    0x28  usb_init.o [1]
  .bss               zero     0x20000d98    0x20  usb_pwr.o [1]
  .bss               zero     0x20000db8    0x14  nand_if.o [1]
  .bss               zero     0x20000dcc    0x10  usb_bot.o [1]
  .bss               zero     0x20000ddc     0xc  usb_istr.o [1]
  .bss               zero     0x20000de8     0x8  nand_if.o [1]
  .bss               zero     0x20000df0     0x8  scsi_data.o [1]
  .bss               zero     0x20000df8     0x8  scsi_data.o [1]
  .bss               zero     0x20000e00     0x8  usb_pwr.o [1]
  .bss               zero     0x20000e08     0x4  hw_config.o [1]
  .bss               zero     0x20000e0c     0x4  hw_config.o [1]
  .bss               zero     0x20000e10     0x4  main.o [1]
  .bss               zero     0x20000e14     0x4  usb_core.o [1]
  .bss               zero     0x20000e18     0x4  usb_int.o [1]
  .bss               zero     0x20000e1c     0x4  usb_prop.o [1]
  .bss               zero     0x20000e20     0x4  usb_prop.o [1]
  .bss               zero     0x20000e24     0x4  usb_pwr.o [1]
  .bss               zero     0x20000e28     0x2  stm32_it.o [1]
  .bss               zero     0x20000e2a     0x2  usb_endp.o [1]
  .bss               zero     0x20000e2c     0x2  usb_init.o [1]
  .bss               zero     0x20000e2e     0x2  usb_prop.o [1]
  .bss               zero     0x20000e30     0x1  usb_core.o [1]
  .bss               zero     0x20000e31     0x1  usb_init.o [1]
  .bss               zero     0x20000e32     0x1  usb_prop.o [1]
                            - 0x20000e33   0xc9f

"P2", part 3 of 3:                         0x400
  CSTACK                      0x20000e38   0x400  <Block>
    CSTACK           uninit   0x20000e38   0x400  <Block tail>
                            - 0x20001238   0x400


*******************************************************************************
*** INIT TABLE
***

          Address     Size
          -------     ----
Zero (__iar_zero_init3)
    1 destination range, total size 0xc9f:
          0x20000194  0xc9f

Copy (__iar_copy_init3)
    1 source range, total size 0x194 (100% of destination):
          0x08004178  0x194
    1 destination range, total size 0x192:
          0x20000000  0x192



*******************************************************************************
*** MODULE SUMMARY
***

    Module                   ro code  ro data  rw data
    ------                   -------  -------  -------
C:\Users\lisonchen\1project\c_STM32_USB-FS-Device_Lib_V4.0.0\Projects\Composite_Example\EWARM\STM3210E-EVAL\Obj: [1]
    fsmc_nand.o                  710
    hw_config.o                  756                 8
    main.o                        20        1        5
    mass_mal.o                   326               116
    memory.o                     368               548
    misc.o                       120
    nand_if.o                  1 176             2 076
    scsi_data.o                           116      132
    startup_stm32f10x_hd.o       596
    stm3210e_eval.o              720       48       48
    stm3210e_eval_sdio_sd.o    3 374               212
    stm32_it.o                   290                 2
    stm32f10x_adc.o              280
    stm32f10x_dma.o              312
    stm32f10x_exti.o             140
    stm32f10x_gpio.o             248
    stm32f10x_rcc.o               96
    stm32f10x_sdio.o             312
    system_stm32f10x.o           236
    usb_bot.o                    692               124
    usb_core.o                 2 002                 5
    usb_desc.o                            348       28
    usb_endp.o                   136                 2
    usb_init.o                    32                43
    usb_int.o                    320                 4
    usb_istr.o                   308       56       68
    usb_mem.o                     72
    usb_prop.o                   744      152      163
    usb_pwr.o                    388        1       45
    usb_regs.o                   478
    usb_scsi.o                   724
    usb_sil.o                    102
    --------------------------------------------------
    Total:                    16 078      722    3 629

command line: [2]
    --------------------------------------------------
    Total:

dl7M_tln.a: [3]
    exit.o                         4
    low_level_init.o               4
    --------------------------------------------------
    Total:                         8

rt7M_tl.a: [4]
    ABImemcpy.o                  118
    cexit.o                       10
    cmain.o                       22
    copy_init3.o                  46
    cstartup_M.o                  12
    data_init.o                   40
    zero_init3.o                  34
    --------------------------------------------------
    Total:                       282

shb_l.a: [5]
    exit.o                        20
    --------------------------------------------------
    Total:                        20

    Gaps                          16                 4
    Linker created                         38    1 024
------------------------------------------------------
    Grand Total:              16 404      760    4 657


*******************************************************************************
*** ENTRY LIST
***

Entry                      Address   Size  Type      Object
-----                      -------   ----  ----      ------
?main                   0x08003ff5         Code  Gb  cmain.o [4]
ADC1_2_IRQHandler       0x080040d1         Code  Wk  startup_stm32f10x_hd.o [1]
ADC3_IRQHandler         0x08004145         Code  Wk  startup_stm32f10x_hd.o [1]
ADC_Cmd                 0x08002c39   0x12  Code  Gb  stm32f10x_adc.o [1]
ADC_Configuration       0x080029cb   0xd0  Code  Gb  hw_config.o [1]
ADC_ConvertedValueX     0x20000e08    0x4  Data  Gb  hw_config.o [1]
ADC_ConvertedValueX_1   0x20000e0c    0x4  Data  Gb  hw_config.o [1]
ADC_DMACmd              0x08002c4b   0x12  Code  Gb  stm32f10x_adc.o [1]
ADC_GetCalibrationStatus
                        0x08002c77    0x4  Code  Gb  stm32f10x_adc.o [1]
ADC_GetResetCalibrationStatus
                        0x08002c67    0x6  Code  Gb  stm32f10x_adc.o [1]
ADC_Init                0x08002bfd   0x3c  Code  Gb  stm32f10x_adc.o [1]
ADC_RegularChannelConfig
                        0x08002c93   0x78  Code  Gb  stm32f10x_adc.o [1]
ADC_ResetCalibration    0x08002c5d    0xa  Code  Gb  stm32f10x_adc.o [1]
ADC_SoftwareStartConvCmd
                        0x08002c81   0x12  Code  Gb  stm32f10x_adc.o [1]
ADC_StartCalibration    0x08002c6d    0xa  Code  Gb  stm32f10x_adc.o [1]
BUTTON_CLK              0x080010fc   0x20  Data  Gb  stm3210e_eval.o [1]
BUTTON_EXTI_LINE        0x0800111c   0x10  Data  Gb  stm3210e_eval.o [1]
BUTTON_IRQn             0x0800114c   0x10  Data  Gb  stm3210e_eval.o [1]
BUTTON_PIN              0x080010ec   0x10  Data  Gb  stm3210e_eval.o [1]
BUTTON_PIN_SOURCE       0x0800113c   0x10  Data  Gb  stm3210e_eval.o [1]
BUTTON_PORT             0x2000009c   0x20  Data  Gb  stm3210e_eval.o [1]
BUTTON_PORT_SOURCE      0x0800112c   0x10  Data  Gb  stm3210e_eval.o [1]
Block_Read_count        0x20000cb8    0x4  Data  Gb  memory.o [1]
Block_State             0x20000dc1    0x1  Data  Gb  nand_if.o [1]
Block_offset            0x20000cbc    0x4  Data  Gb  memory.o [1]
Bot_Abort               0x0800346d   0x24  Code  Gb  usb_bot.o [1]
Bot_State               0x20000c30    0x1  Data  Gb  usb_bot.o [1]
Bulk_Data_Buff          0x20000d30   0x40  Data  Gb  usb_bot.o [1]
BusFault_Handler        0x08003de3    0x2  Code  Gb  stm32_it.o [1]
ByteSwap                0x08001ff1    0xa  Code  Gb  usb_regs.o [1]
CAN1_RX1_IRQHandler     0x080040dd         Code  Wk  startup_stm32f10x_hd.o [1]
CAN1_SCE_IRQHandler     0x080040e1         Code  Wk  startup_stm32f10x_hd.o [1]
CBW                     0x20000c10   0x20  Data  Gb  usb_bot.o [1]
CBW_Decode              0x08003295  0x166  Code  Gb  usb_bot.o [1]
CID_Tab                 0x20000bec   0x10  Data  Lc  stm3210e_eval_sdio_sd.o [1]
CSD_Tab                 0x20000bdc   0x10  Data  Lc  stm3210e_eval_sdio_sd.o [1]
CSTACK$$Base            0x20000e38          --   Gb  - Linker created -
CSTACK$$Limit           0x20001238          --   Gb  - Linker created -
CSW                     0x20000dcc   0x10  Data  Gb  usb_bot.o [1]
CTR_LP                  0x08003b69  0x128  Code  Gb  usb_int.o [1]
CardType                0x20000bfc    0x4  Data  Lc  stm3210e_eval_sdio_sd.o [1]
ClearDTOG_RX            0x08001eeb   0x24  Code  Gb  usb_regs.o [1]
ClearDTOG_TX            0x08001f0f   0x22  Code  Gb  usb_regs.o [1]
Clear_Status_Out        0x08001ecd   0x14  Code  Gb  usb_regs.o [1]
CmdResp1Error           0x08000b39   0xd2  Code  Lc  stm3210e_eval_sdio_sd.o [1]
CmdResp2Error           0x08000c25   0x26  Code  Lc  stm3210e_eval_sdio_sd.o [1]
Composite_ConfigDescriptor
                        0x08003a3c   0x40  Data  Gb  usb_desc.o [1]
Composite_DeviceDescriptor
                        0x08003a28   0x14  Data  Gb  usb_desc.o [1]
Composite_StringLangID  0x08003b0c    0x4  Data  Gb  usb_desc.o [1]
Composite_StringProduct
                        0x08003b38   0x30  Data  Gb  usb_desc.o [1]
Composite_StringSerial  0x200000dc   0x1c  Data  Gb  usb_desc.o [1]
Composite_StringVendor  0x08003b10   0x28  Data  Gb  usb_desc.o [1]
Config_Descriptor       0x20000170    0x8  Data  Gb  usb_prop.o [1]
Counter                 0x20000cc0    0x4  Data  Gb  memory.o [1]
CurrentZone             0x20000dc8    0x2  Data  Gb  nand_if.o [1]
CustomHID_ClearFeature  0x08002fa9   0x12  Code  Gb  usb_prop.o [1]
CustomHID_Data_Setup    0x08002ebf   0x62  Code  Gb  usb_prop.o [1]
CustomHID_GetConfigDescriptor
                        0x08002f4f    0x6  Code  Gb  usb_prop.o [1]
CustomHID_GetDeviceDescriptor
                        0x08002f49    0x6  Code  Gb  usb_prop.o [1]
CustomHID_GetHIDDescriptor
                        0x08002f75    0x6  Code  Gb  usb_prop.o [1]
CustomHID_GetProtocolValue
                        0x08002f95    0x8  Code  Gb  usb_prop.o [1]
CustomHID_GetReportDescriptor
                        0x08002f6d    0x6  Code  Gb  usb_prop.o [1]
CustomHID_GetStringDescriptor
                        0x08002f55   0x18  Code  Gb  usb_prop.o [1]
CustomHID_Get_Interface_Setting
                        0x08002f7b    0xa  Code  Gb  usb_prop.o [1]
CustomHID_Hid_Descriptor
                        0x20000180    0x8  Data  Gb  usb_prop.o [1]
CustomHID_NoData_Setup  0x08002f2f   0x1a  Code  Gb  usb_prop.o [1]
CustomHID_ReportDescriptor
                        0x08003a7c   0x90  Data  Gb  usb_desc.o [1]
CustomHID_Report_Descriptor
                        0x20000178    0x8  Data  Gb  usb_prop.o [1]
CustomHID_Reset         0x08002d2f   0xee  Code  Gb  usb_prop.o [1]
CustomHID_SetConfiguration
                        0x08002e23   0x2e  Code  Gb  usb_prop.o [1]
CustomHID_SetDeviceAddress
                        0x08002e51    0x8  Code  Gb  usb_prop.o [1]
CustomHID_SetProtocol   0x08002f85    0xe  Code  Gb  usb_prop.o [1]
CustomHID_SetReport_Feature
                        0x08002f21    0xe  Code  Gb  usb_prop.o [1]
CustomHID_Status_In     0x08002e59   0x64  Code  Gb  usb_prop.o [1]
CustomHID_Status_Out    0x08002ebd    0x2  Code  Gb  usb_prop.o [1]
CustomHID_init          0x08002d15   0x1a  Code  Gb  usb_prop.o [1]
DMA1_Channel1_IRQHandler
                        0x08003dfb   0x4a  Code  Gb  stm32_it.o [1]
DMA1_Channel2_IRQHandler
                        0x080040b9         Code  Wk  startup_stm32f10x_hd.o [1]
DMA1_Channel3_IRQHandler
                        0x080040bd         Code  Wk  startup_stm32f10x_hd.o [1]
DMA1_Channel4_IRQHandler
                        0x080040c1         Code  Wk  startup_stm32f10x_hd.o [1]
DMA1_Channel5_IRQHandler
                        0x080040c5         Code  Wk  startup_stm32f10x_hd.o [1]
DMA1_Channel6_IRQHandler
                        0x080040c9         Code  Wk  startup_stm32f10x_hd.o [1]
DMA1_Channel7_IRQHandler
                        0x080040cd         Code  Wk  startup_stm32f10x_hd.o [1]
DMA2_Channel1_IRQHandler
                        0x08004169         Code  Wk  startup_stm32f10x_hd.o [1]
DMA2_Channel2_IRQHandler
                        0x0800416d         Code  Wk  startup_stm32f10x_hd.o [1]
DMA2_Channel3_IRQHandler
                        0x08004171         Code  Wk  startup_stm32f10x_hd.o [1]
DMA2_Channel4_5_IRQHandler
                        0x08003ef3    0x4  Code  Gb  stm32_it.o [1]
DMAEndOfTransfer        0x20000c0c    0x4  Data  Gb  stm3210e_eval_sdio_sd.o [1]
DMA_ClearFlag           0x08001481    0xc  Code  Gb  stm32f10x_dma.o [1]
DMA_Cmd                 0x0800145d   0x14  Code  Gb  stm32f10x_dma.o [1]
DMA_DeInit              0x0800138d   0x9a  Code  Gb  stm32f10x_dma.o [1]
DMA_ITConfig            0x08001471   0x10  Code  Gb  stm32f10x_dma.o [1]
DMA_Init                0x08001427   0x36  Code  Gb  stm32f10x_dma.o [1]
DataStageIn             0x080018db   0xa6  Code  Lc  usb_core.o [1]
Data_Buffer             0x20000994  0x200  Data  Gb  memory.o [1]
Data_Len                0x20000c32    0x2  Data  Gb  usb_bot.o [1]
Data_Mul_MaxPacketSize  0x20000e30    0x1  Data  Gb  usb_core.o [1]
Data_Setup0             0x08001a4d  0x182  Code  Lc  usb_core.o [1]
DebugMon_Handler        0x08003de9    0x2  Code  Gb  stm32_it.o [1]
Device_Descriptor       0x20000168    0x8  Data  Gb  usb_prop.o [1]
Device_Info             0x20000d70   0x1c  Data  Gb  usb_init.o [1]
Device_Property         0x20000000   0x30  Data  Gb  usb_prop.o [1]
Device_Table            0x2000018c    0x4  Data  Gb  usb_prop.o [1]
EP                      0x20000d98   0x20  Data  Gb  usb_pwr.o [1]
EP1_IN_Callback         0x08003f71    0x8  Code  Gb  usb_endp.o [1]
EP1_OUT_Callback        0x08003f01   0x70  Code  Gb  usb_endp.o [1]
EP2_IN_Callback         0x08003f81    0x4  Code  Gb  usb_endp.o [1]
EP2_OUT_Callback        0x08003f85    0x4  Code  Gb  usb_endp.o [1]
EPindex                 0x20000e31    0x1  Data  Gb  usb_init.o [1]
EXTI0_IRQHandler        0x080040a1         Code  Wk  startup_stm32f10x_hd.o [1]
EXTI15_10_IRQHandler    0x08003e7f   0x3c  Code  Gb  stm32_it.o [1]
EXTI1_IRQHandler        0x080040a5         Code  Wk  startup_stm32f10x_hd.o [1]
EXTI2_IRQHandler        0x080040a9         Code  Wk  startup_stm32f10x_hd.o [1]
EXTI3_IRQHandler        0x080040ad         Code  Wk  startup_stm32f10x_hd.o [1]
EXTI4_IRQHandler        0x080040b1         Code  Wk  startup_stm32f10x_hd.o [1]
EXTI9_5_IRQHandler      0x08003e45   0x3a  Code  Gb  stm32_it.o [1]
EXTI_ClearITPendingBit  0x0800159f    0x2  Code  Gb  stm32f10x_exti.o [1]
EXTI_Configuration      0x0800296b   0x46  Code  Gb  hw_config.o [1]
EXTI_GetITStatus        0x08001589   0x16  Code  Gb  stm32f10x_exti.o [1]
EXTI_Init               0x08001525   0x64  Code  Gb  stm32f10x_exti.o [1]
FLASH_IRQHandler        0x08004099         Code  Wk  startup_stm32f10x_hd.o [1]
FSMC_IRQHandler         0x08004149         Code  Wk  startup_stm32f10x_hd.o [1]
FSMC_NAND_AddressIncrement
                        0x0800276d   0x36  Code  Gb  fsmc_nand.o [1]
FSMC_NAND_EraseBlock    0x080026ed   0x36  Code  Gb  fsmc_nand.o [1]
FSMC_NAND_GetStatus     0x08002723   0x20  Code  Gb  fsmc_nand.o [1]
FSMC_NAND_ReadID        0x080024dd   0x22  Code  Gb  fsmc_nand.o [1]
FSMC_NAND_ReadSmallPage
                        0x08002545   0x54  Code  Gb  fsmc_nand.o [1]
FSMC_NAND_ReadSpareArea
                        0x0800264f   0x4e  Code  Gb  fsmc_nand.o [1]
FSMC_NAND_ReadStatus    0x08002743   0x1e  Code  Gb  fsmc_nand.o [1]
FSMC_NAND_WriteSmallPage
                        0x080024ff   0x46  Code  Gb  fsmc_nand.o [1]
FSMC_NAND_WriteSpareArea
                        0x08002599   0x42  Code  Gb  fsmc_nand.o [1]
FindSCR                 0x08000cf5  0x136  Code  Lc  stm3210e_eval_sdio_sd.o [1]
GPIO_CLK                0x080010dc   0x10  Data  Gb  stm3210e_eval.o [1]
GPIO_Configuration      0x0800292b   0x40  Code  Gb  hw_config.o [1]
GPIO_EXTILineConfig     0x08001365   0x22  Code  Gb  stm32f10x_gpio.o [1]
GPIO_Init               0x08001295   0xba  Code  Gb  stm32f10x_gpio.o [1]
GPIO_PIN                0x080010d4    0x8  Data  Gb  stm3210e_eval.o [1]
GPIO_PORT               0x20000144   0x10  Data  Gb  stm3210e_eval.o [1]
GPIO_ReadInputDataBit   0x0800134f    0xe  Code  Gb  stm32f10x_gpio.o [1]
GPIO_ResetBits          0x08001361    0x4  Code  Gb  stm32f10x_gpio.o [1]
GPIO_SetBits            0x0800135d    0x4  Code  Gb  stm32f10x_gpio.o [1]
GetEPRxAddr             0x08001f43    0xe  Code  Gb  usb_regs.o [1]
GetEPRxCount            0x08001f97    0xe  Code  Gb  usb_regs.o [1]
GetEPRxStatus           0x08001e8f    0xe  Code  Gb  usb_regs.o [1]
GetEPTxAddr             0x08001f41    0x2  Code  Gb  usb_regs.o [1]
Get_SerialNum           0x08002a9b   0x28  Code  Gb  hw_config.o [1]
HardFault_Handler       0x08003ddf    0x2  Code  Gb  stm32_it.o [1]
I2C1_ER_IRQHandler      0x08004109         Code  Wk  startup_stm32f10x_hd.o [1]
I2C1_EV_IRQHandler      0x08004105         Code  Wk  startup_stm32f10x_hd.o [1]
I2C2_ER_IRQHandler      0x08004111         Code  Wk  startup_stm32f10x_hd.o [1]
I2C2_EV_IRQHandler      0x0800410d         Code  Wk  startup_stm32f10x_hd.o [1]
Idx                     0x20000cc4    0x4  Data  Gb  memory.o [1]
In0_Process             0x08001c41   0x4a  Code  Gb  usb_core.o [1]
Initial_Page            0x20000dc6    0x2  Data  Gb  nand_if.o [1]
IntToUnicode            0x08002ae9   0x28  Code  Lc  hw_config.o [1]
LUT                     0x20000194  0x800  Data  Gb  nand_if.o [1]
Leave_LowPowerMode      0x0800287b   0x14  Code  Gb  hw_config.o [1]
LogAddress              0x20000dc4    0x2  Data  Gb  nand_if.o [1]
MAL_GetStatus           0x080037ff   0xa8  Code  Gb  mass_mal.o [1]
MAL_Read                0x080037bb   0x44  Code  Gb  mass_mal.o [1]
MAL_Write               0x08003771   0x4a  Code  Gb  mass_mal.o [1]
Mass_Block_Count        0x20000ca8    0x8  Data  Gb  mass_mal.o [1]
Mass_Block_Size         0x20000ca0    0x8  Data  Gb  mass_mal.o [1]
Mass_Memory_Size        0x20000c98    0x8  Data  Gb  mass_mal.o [1]
Mass_Storage_In         0x080031e9   0x5e  Code  Gb  usb_bot.o [1]
Mass_Storage_Out        0x08003247   0x4e  Code  Gb  usb_bot.o [1]
Max_Lun                 0x20000e20    0x4  Data  Gb  usb_prop.o [1]
MemManage_Handler       0x08003de1    0x2  Code  Gb  stm32_it.o [1]
Mode_Sense10_data       0x20000160    0x8  Data  Gb  scsi_data.o [1]
Mode_Sense6_data        0x20000188    0x4  Data  Gb  scsi_data.o [1]
NAND_BuildLUT           0x080023e7   0xe2  Code  Lc  nand_if.o [1]
NAND_ConvertPhyAddress  0x080023a3   0x1e  Code  Lc  nand_if.o [1]
NAND_Copy               0x0800224f   0x46  Code  Lc  nand_if.o [1]
NAND_Format             0x08002295   0x40  Code  Gb  nand_if.o [1]
NAND_GetAddress         0x08002209   0x20  Code  Lc  nand_if.o [1]
NAND_Read               0x080021b7   0x52  Code  Gb  nand_if.o [1]
NAND_Write              0x08002045  0x150  Code  Gb  nand_if.o [1]
NAND_Write_Cleanup      0x080022d5   0x92  Code  Lc  nand_if.o [1]
NMI_Handler             0x08003ddd    0x2  Code  Gb  stm32_it.o [1]
NOP_Process             0x08001df9    0x2  Code  Gb  usb_core.o [1]
NVIC_Init               0x080015bb   0x58  Code  Gb  misc.o [1]
NVIC_PriorityGroupConfig
                        0x080015b1    0xa  Code  Gb  misc.o [1]
NoData_Setup0           0x08001981   0xcc  Code  Lc  usb_core.o [1]
Out0_Process            0x08001c8b   0xb0  Code  Gb  usb_core.o [1]
PMAToUserBufferCopy     0x08002025   0x1e  Code  Gb  usb_mem.o [1]
PVD_IRQHandler          0x0800408d         Code  Wk  startup_stm32f10x_hd.o [1]
Page00_Inquiry_Data     0x20000df0    0x8  Data  Gb  scsi_data.o [1]
PendSV_Handler          0x08003deb    0x2  Code  Gb  stm32_it.o [1]
Post0_Process           0x08001d3b   0x2c  Code  Gb  usb_core.o [1]
PowerOn                 0x08002ffd   0x22  Code  Gb  usb_pwr.o [1]
PrevXferComplete        0x20000190    0x1  Data  Gb  main.o [1]
ProtocolValue           0x20000e1c    0x4  Data  Gb  usb_prop.o [1]
RCA                     0x20000c00    0x4  Data  Lc  stm3210e_eval_sdio_sd.o [1]
RCC_ADCCLKConfig        0x080014d1    0xa  Code  Gb  stm32f10x_rcc.o [1]
RCC_AHBPeriphClockCmd   0x080014db   0x12  Code  Gb  stm32f10x_rcc.o [1]
RCC_APB1PeriphClockCmd  0x080014ff   0x12  Code  Gb  stm32f10x_rcc.o [1]
RCC_APB2PeriphClockCmd  0x080014ed   0x12  Code  Gb  stm32f10x_rcc.o [1]
RCC_IRQHandler          0x0800409d         Code  Wk  startup_stm32f10x_hd.o [1]
RCC_USBCLKConfig        0x080014cb    0x6  Code  Gb  stm32f10x_rcc.o [1]
RTCAlarm_IRQHandler     0x0800412d         Code  Wk  startup_stm32f10x_hd.o [1]
RTC_IRQHandler          0x08004095         Code  Wk  startup_stm32f10x_hd.o [1]
ReadCapacity10_Data     0x20000df8    0x8  Data  Gb  scsi_data.o [1]
ReadFormatCapacity_Data
                        0x20000154    0xc  Data  Gb  scsi_data.o [1]
ReadSpareArea           0x08002229   0x26  Code  Gb  nand_if.o [1]
Read_Memory             0x080038b9   0xa0  Code  Gb  memory.o [1]
Receive_Buffer          0x20000e2a    0x2  Data  Gb  usb_endp.o [1]
Region$$Table$$Base     0x08003fb0          --   Gb  - Linker created -
Region$$Table$$Limit    0x08003fd4          --   Gb  - Linker created -
Report_Buf              0x20000e2e    0x2  Data  Gb  usb_prop.o [1]
Request                 0x20000e32    0x1  Data  Gb  usb_prop.o [1]
Reset_Handler           0x08004049         Code  Wk  startup_stm32f10x_hd.o [1]
Resume                  0x080030e1   0x84  Code  Gb  usb_pwr.o [1]
ResumeS                 0x20000e00    0x4  Data  Gb  usb_pwr.o [1]
Resume_Init             0x080030c5   0x1a  Code  Gb  usb_pwr.o [1]
SCSI_Address_Management
                        0x080036df   0x5e  Code  Gb  usb_scsi.o [1]
SCSI_BlkLen             0x20000c38    0x4  Data  Gb  usb_bot.o [1]
SCSI_Format_Cmd         0x08003681   0x1e  Code  Gb  usb_scsi.o [1]
SCSI_Inquiry_Cmd        0x0800349d   0x22  Code  Gb  usb_scsi.o [1]
SCSI_Invalid_Cmd        0x080036b1   0x1e  Code  Gb  usb_scsi.o [1]
SCSI_LBA                0x20000c34    0x4  Data  Gb  usb_bot.o [1]
SCSI_ModeSense10_Cmd    0x0800355d    0x8  Code  Gb  usb_scsi.o [1]
SCSI_ModeSense6_Cmd     0x08003555    0x8  Code  Gb  usb_scsi.o [1]
SCSI_Read10_Cmd         0x0800357f   0x56  Code  Gb  usb_scsi.o [1]
SCSI_ReadCapacity10_Cmd
                        0x080034f5   0x3e  Code  Gb  usb_scsi.o [1]
SCSI_ReadFormatCapacity_Cmd
                        0x080034bf   0x36  Code  Gb  usb_scsi.o [1]
SCSI_RequestSense_Cmd   0x08003565   0x10  Code  Gb  usb_scsi.o [1]
SCSI_Start_Stop_Unit_Cmd
                        0x0800357d    0x2  Code  Gb  usb_scsi.o [1]
SCSI_TestUnitReady_Cmd  0x08003659   0x20  Code  Gb  usb_scsi.o [1]
SCSI_Verify10_Cmd       0x0800362b   0x26  Code  Gb  usb_scsi.o [1]
SCSI_Write10_Cmd        0x080035d5   0x50  Code  Gb  usb_scsi.o [1]
SDCardInfo              0x20000cd8   0x58  Data  Gb  stm3210e_eval_sdio_sd.o [1]
SDEnWideBus             0x08000c5b   0x72  Code  Lc  stm3210e_eval_sdio_sd.o [1]
SDIO_ClearFlag          0x08001241    0x2  Code  Gb  stm32f10x_sdio.o [1]
SDIO_ClearITPendingBit  0x08001253    0x2  Code  Gb  stm32f10x_sdio.o [1]
SDIO_ClockCmd           0x0800119d    0x6  Code  Gb  stm32f10x_sdio.o [1]
SDIO_CmdInitStructure   0x20000bc8   0x14  Data  Gb  stm3210e_eval_sdio_sd.o [1]
SDIO_DMACmd             0x080011c5    0x6  Code  Gb  stm32f10x_sdio.o [1]
SDIO_DataConfig         0x08001207   0x24  Code  Gb  stm32f10x_sdio.o [1]
SDIO_DataInitStructure  0x20000bb0   0x18  Data  Gb  stm3210e_eval_sdio_sd.o [1]
SDIO_DeInit             0x0800115d   0x1c  Code  Gb  stm32f10x_sdio.o [1]
SDIO_GetCommandResponse
                        0x080011eb    0x8  Code  Gb  stm32f10x_sdio.o [1]
SDIO_GetFlagStatus      0x08001231   0x10  Code  Gb  stm32f10x_sdio.o [1]
SDIO_GetITStatus        0x08001243   0x10  Code  Gb  stm32f10x_sdio.o [1]
SDIO_GetPowerState      0x080011a9    0xa  Code  Gb  stm32f10x_sdio.o [1]
SDIO_GetResponse        0x080011f3   0x14  Code  Gb  stm32f10x_sdio.o [1]
SDIO_IRQHandler         0x08003eef    0x4  Code  Gb  stm32_it.o [1]
SDIO_ITConfig           0x080011b3   0x12  Code  Gb  stm32f10x_sdio.o [1]
SDIO_Init               0x08001179   0x24  Code  Gb  stm32f10x_sdio.o [1]
SDIO_InitStructure      0x20000b94   0x18  Data  Gb  stm3210e_eval_sdio_sd.o [1]
SDIO_ReadData           0x0800122b    0x6  Code  Gb  stm32f10x_sdio.o [1]
SDIO_SendCommand        0x080011cb   0x20  Code  Gb  stm32f10x_sdio.o [1]
SDIO_SetPowerState      0x080011a3    0x6  Code  Gb  stm32f10x_sdio.o [1]
SD_Detect               0x080001ef   0x22  Code  Gb  stm3210e_eval_sdio_sd.o [1]
SD_EnableWideBusOperation
                        0x0800075d   0x5c  Code  Gb  stm3210e_eval_sdio_sd.o [1]
SD_GetCardInfo          0x080004b3  0x2aa  Code  Gb  stm3210e_eval_sdio_sd.o [1]
SD_GetState             0x080001cb   0x24  Code  Gb  stm3210e_eval_sdio_sd.o [1]
SD_GetStatus            0x080001b1   0x1a  Code  Gb  stm3210e_eval_sdio_sd.o [1]
SD_Init                 0x08000131   0x80  Code  Gb  stm3210e_eval_sdio_sd.o [1]
SD_InitializeCards      0x080003b3  0x100  Code  Gb  stm3210e_eval_sdio_sd.o [1]
SD_LowLevel_DMA_RxConfig
                        0x08001013   0x16  Code  Gb  stm3210e_eval.o [1]
SD_LowLevel_DMA_TxConfig
                        0x08000ffb   0x18  Code  Gb  stm3210e_eval.o [1]
SD_LowLevel_Init        0x08000fa7   0x3e  Code  Gb  stm3210e_eval.o [1]
SD_PowerON              0x08000211  0x174  Code  Gb  stm3210e_eval_sdio_sd.o [1]
SD_ProcessDMAIRQ        0x08000b11   0x1e  Code  Gb  stm3210e_eval_sdio_sd.o [1]
SD_ProcessIRQSrc        0x08000a85   0x8c  Code  Gb  stm3210e_eval_sdio_sd.o [1]
SD_ReadMultiBlocks      0x08000837   0x78  Code  Gb  stm3210e_eval_sdio_sd.o [1]
SD_SelectDeselect       0x080007c7   0x2a  Code  Gb  stm3210e_eval_sdio_sd.o [1]
SD_SendStatus           0x08000a5f   0x20  Code  Gb  stm3210e_eval_sdio_sd.o [1]
SD_StopTransfer         0x08000a35   0x2a  Code  Gb  stm3210e_eval_sdio_sd.o [1]
SD_WaitReadOperation    0x080008c3   0x3c  Code  Gb  stm3210e_eval_sdio_sd.o [1]
SD_WaitWriteOperation   0x080009d5   0x3c  Code  Gb  stm3210e_eval_sdio_sd.o [1]
SD_WriteMultiBlocks     0x0800092f   0x72  Code  Gb  stm3210e_eval_sdio_sd.o [1]
SPI1_IRQHandler         0x08004115         Code  Wk  startup_stm32f10x_hd.o [1]
SPI2_IRQHandler         0x08004119         Code  Wk  startup_stm32f10x_hd.o [1]
SPI3_IRQHandler         0x08004155         Code  Wk  startup_stm32f10x_hd.o [1]
STM_EVAL_LEDInit        0x08000e8d   0x2e  Code  Gb  stm3210e_eval.o [1]
STM_EVAL_LEDOff         0x08000ecf   0x14  Code  Gb  stm3210e_eval.o [1]
STM_EVAL_LEDOn          0x08000ebb   0x14  Code  Gb  stm3210e_eval.o [1]
STM_EVAL_PBGetState     0x08000f7d   0x12  Code  Gb  stm3210e_eval.o [1]
STM_EVAL_PBInit         0x08000ee3   0x9a  Code  Gb  stm3210e_eval.o [1]
SVC_Handler             0x08003de7    0x2  Code  Gb  stm32_it.o [1]
SaveRState              0x20000e18    0x2  Data  Gb  usb_int.o [1]
SaveTState              0x20000e1a    0x2  Data  Gb  usb_int.o [1]
Scsi_Sense_Data         0x20000130   0x14  Data  Gb  scsi_data.o [1]
Send_Buffer             0x20000e28    0x2  Data  Gb  stm32_it.o [1]
SetBTABLE               0x08001e1d    0xe  Code  Gb  usb_regs.o [1]
SetDeviceAddress        0x08001d7d   0x36  Code  Gb  usb_core.o [1]
SetEPRxAddr             0x08001f33    0xe  Code  Gb  usb_regs.o [1]
SetEPRxCount            0x08001f5f   0x38  Code  Gb  usb_regs.o [1]
SetEPRxStatus           0x08001e61   0x20  Code  Gb  usb_regs.o [1]
SetEPRxValid            0x08001eb5   0x18  Code  Gb  usb_regs.o [1]
SetEPTxAddr             0x08001f31    0x2  Code  Gb  usb_regs.o [1]
SetEPTxCount            0x08001f51    0xe  Code  Gb  usb_regs.o [1]
SetEPTxStatus           0x08001e3f   0x22  Code  Gb  usb_regs.o [1]
SetEPTxValid            0x08001e9d   0x18  Code  Gb  usb_regs.o [1]
SetEPType               0x08001e2b   0x14  Code  Gb  usb_regs.o [1]
Set_CSW                 0x08003427   0x2e  Code  Gb  usb_bot.o [1]
Set_Scsi_Sense_Data     0x08003575    0x8  Code  Gb  usb_scsi.o [1]
Set_System              0x0800281d   0x48  Code  Gb  hw_config.o [1]
Set_USBClock            0x08002865   0x16  Code  Gb  hw_config.o [1]
Setup0_Process          0x08001bd9   0x68  Code  Gb  usb_core.o [1]
Standard_ClearFeature   0x08001771   0xc2  Code  Gb  usb_core.o [1]
Standard_GetConfiguration
                        0x08001629   0x18  Code  Gb  usb_core.o [1]
Standard_GetDescriptorData
                        0x080018c1   0x1a  Code  Gb  usb_core.o [1]
Standard_GetInterface   0x08001673   0x18  Code  Gb  usb_core.o [1]
Standard_GetStatus      0x080016db   0x8e  Code  Gb  usb_core.o [1]
Standard_Inquiry_Data   0x20000030   0x24  Data  Gb  scsi_data.o [1]
Standard_Inquiry_Data2  0x20000054   0x24  Data  Gb  scsi_data.o [1]
Standard_SetConfiguration
                        0x08001641   0x32  Code  Gb  usb_core.o [1]
Standard_SetDeviceFeature
                        0x080018a5   0x1c  Code  Gb  usb_core.o [1]
Standard_SetEndPointFeature
                        0x08001833   0x72  Code  Gb  usb_core.o [1]
Standard_SetInterface   0x08001695   0x46  Code  Gb  usb_core.o [1]
Status                  0x20000cb0    0x4  Data  Gb  mass_mal.o [1]
StatusInfo              0x20000e14    0x4  Data  Gb  usb_core.o [1]
StopCondition           0x20000c04    0x4  Data  Gb  stm3210e_eval_sdio_sd.o [1]
String_Descriptor       0x200000bc   0x20  Data  Gb  usb_prop.o [1]
Suspend                 0x0800301f   0xa6  Code  Gb  usb_pwr.o [1]
SysTick_Handler         0x08003ded    0xa  Code  Gb  stm32_it.o [1]
SystemInit              0x08002b11   0xd8  Code  Gb  system_stm32f10x.o [1]
TAMPER_IRQHandler       0x08004091         Code  Wk  startup_stm32f10x_hd.o [1]
TIM1_BRK_IRQHandler     0x080040e9         Code  Wk  startup_stm32f10x_hd.o [1]
TIM1_CC_IRQHandler      0x080040f5         Code  Wk  startup_stm32f10x_hd.o [1]
TIM1_TRG_COM_IRQHandler
                        0x080040f1         Code  Wk  startup_stm32f10x_hd.o [1]
TIM1_UP_IRQHandler      0x080040ed         Code  Wk  startup_stm32f10x_hd.o [1]
TIM2_IRQHandler         0x080040f9         Code  Wk  startup_stm32f10x_hd.o [1]
TIM3_IRQHandler         0x080040fd         Code  Wk  startup_stm32f10x_hd.o [1]
TIM4_IRQHandler         0x08004101         Code  Wk  startup_stm32f10x_hd.o [1]
TIM5_IRQHandler         0x08004151         Code  Wk  startup_stm32f10x_hd.o [1]
TIM6_IRQHandler         0x08004161         Code  Wk  startup_stm32f10x_hd.o [1]
TIM7_IRQHandler         0x08004165         Code  Wk  startup_stm32f10x_hd.o [1]
TIM8_BRK_IRQHandler     0x08004135         Code  Wk  startup_stm32f10x_hd.o [1]
TIM8_CC_IRQHandler      0x08004141         Code  Wk  startup_stm32f10x_hd.o [1]
TIM8_TRG_COM_IRQHandler
                        0x0800413d         Code  Wk  startup_stm32f10x_hd.o [1]
TIM8_UP_IRQHandler      0x08004139         Code  Wk  startup_stm32f10x_hd.o [1]
TimingDelay             0x20000e10    0x4  Data  Gb  main.o [1]
TransferEnd             0x20000c08    0x4  Data  Gb  stm3210e_eval_sdio_sd.o [1]
TransferError           0x20000bac    0x1  Data  Gb  stm3210e_eval_sdio_sd.o [1]
TransferState           0x20000cb4    0x1  Data  Gb  memory.o [1]
Transfer_Data_Request   0x080033fb   0x2c  Code  Gb  usb_bot.o [1]
UART4_IRQHandler        0x08004159         Code  Wk  startup_stm32f10x_hd.o [1]
UART5_IRQHandler        0x0800415d         Code  Wk  startup_stm32f10x_hd.o [1]
USART1_IRQHandler       0x0800411d         Code  Wk  startup_stm32f10x_hd.o [1]
USART2_IRQHandler       0x08004121         Code  Wk  startup_stm32f10x_hd.o [1]
USART3_IRQHandler       0x08004125         Code  Wk  startup_stm32f10x_hd.o [1]
USBWakeUp_IRQHandler    0x08003ef7    0x8  Code  Gb  stm32_it.o [1]
USB_Cable_Config        0x08002917   0x14  Code  Gb  hw_config.o [1]
USB_HP_CAN1_TX_IRQHandler
                        0x080040d5         Code  Wk  startup_stm32f10x_hd.o [1]
USB_Init                0x08003fd5   0x20  Code  Gb  usb_init.o [1]
USB_Interrupts_Config   0x0800288f   0x60  Code  Gb  hw_config.o [1]
USB_Istr                0x08003ca9  0x134  Code  Gb  usb_istr.o [1]
USB_LP_CAN1_RX0_IRQHandler
                        0x08003df7    0x4  Code  Gb  stm32_it.o [1]
USB_SIL_Init            0x08003181   0x14  Code  Gb  usb_sil.o [1]
USB_SIL_Read            0x080031c3   0x24  Code  Gb  usb_sil.o [1]
USB_SIL_Write           0x0800319d   0x26  Code  Gb  usb_sil.o [1]
UsageFault_Handler      0x08003de5    0x2  Code  Gb  stm32_it.o [1]
UserToPMABufferCopy     0x08001ffb   0x2a  Code  Gb  usb_mem.o [1]
User_Standard_Requests  0x20000078   0x24  Data  Gb  usb_prop.o [1]
WWDG_IRQHandler         0x08004089         Code  Wk  startup_stm32f10x_hd.o [1]
Write_Memory            0x08003959   0xb2  Code  Gb  memory.o [1]
Write_State             0x20000dc0    0x1  Data  Gb  nand_if.o [1]
Written_Pages           0x20000dca    0x2  Data  Gb  nand_if.o [1]
__aeabi_memcpy          0x080027a5         Code  Gb  ABImemcpy.o [4]
__aeabi_memcpy4         0x080027c5         Code  Gb  ABImemcpy.o [4]
__aeabi_memcpy8         0x080027c5         Code  Gb  ABImemcpy.o [4]
__cmain                 0x08003ff5         Code  Gb  cmain.o [4]
__exit                  0x08004035   0x14  Code  Gb  exit.o [5]
__iar_copy_init3        0x08000e5f   0x2e  Code  Gb  copy_init3.o [4]
__iar_data_init3        0x08003f89   0x28  Code  Gb  data_init.o [4]
__iar_program_start     0x08004059         Code  Gb  cstartup_M.o [4]
__iar_zero_init3        0x08001dfb   0x22  Code  Gb  zero_init3.o [4]
__low_level_init        0x0800400b    0x4  Code  Gb  low_level_init.o [3]
__vector_table          0x08000000         Data  Gb  startup_stm32f10x_hd.o [1]
_call_main              0x08004001         Code  Gb  cmain.o [4]
_exit                   0x08004029         Code  Gb  cexit.o [4]
_main                   0x08004007         Code  Gb  cmain.o [4]
bDeviceState            0x20000e24    0x4  Data  Gb  usb_pwr.o [1]
bIntPackSOF             0x20000ddc    0x1  Data  Gb  usb_istr.o [1]
esof_counter            0x20000de0    0x4  Data  Gb  usb_istr.o [1]
exit                    0x08004025    0x4  Code  Gb  exit.o [3]
fAddress                0x20000de8    0x8  Data  Gb  nand_if.o [1]
fSuspendEnabled         0x20000191    0x1  Data  Gb  usb_pwr.o [1]
mSDCardInfo             0x20000c40   0x58  Data  Gb  mass_mal.o [1]
main                    0x08004011   0x14  Code  Gb  main.o [1]
pEpInt_IN               0x200000f8   0x1c  Data  Gb  usb_istr.o [1]
pEpInt_OUT              0x20000114   0x1c  Data  Gb  usb_istr.o [1]
pInformation            0x20000d8c    0x4  Data  Gb  usb_init.o [1]
pProperty               0x20000d90    0x4  Data  Gb  usb_init.o [1]
pUser_Standard_Requests
                        0x20000d94    0x4  Data  Gb  usb_init.o [1]
phBlock                 0x20000dc2    0x2  Data  Gb  nand_if.o [1]
remotewakeupon          0x20000e04    0x4  Data  Gb  usb_pwr.o [1]
wAddress                0x20000db8    0x8  Data  Gb  nand_if.o [1]
wCNTR                   0x20000de4    0x4  Data  Gb  usb_istr.o [1]
wInterrupt_Mask         0x20000e2c    0x2  Data  Gb  usb_init.o [1]
wIstr                   0x20000dde    0x2  Data  Gb  usb_istr.o [1]


[1] = C:\Users\lisonchen\1project\c_STM32_USB-FS-Device_Lib_V4.0.0\Projects\Composite_Example\EWARM\STM3210E-EVAL\Obj
[2] = command line
[3] = dl7M_tln.a
[4] = rt7M_tl.a
[5] = shb_l.a

  16 404 bytes of readonly  code memory
     760 bytes of readonly  data memory
   4 657 bytes of readwrite data memory

Errors: none
Warnings: none
